
> Configure project :lib_base_common
WARNING: The option setting 'android.defaults.buildfeatures.buildconfig=true' is deprecated.
The current default is 'false'.
It will be removed in version 10.0 of the Android Gradle plugin.
To keep using this feature, add the following to your module-level build.gradle files:
    android.buildFeatures.buildConfig = true
or from Android Studio, click: `Refactor` > `Migrate BuildConfig to Gradle Build Files`.

> Configure project :nga_phone_base_3.0
WARNING: DSL element 'isRenderscriptDebuggable' is obsolete and should be removed.
It will be removed in version 9.0 of the Android Gradle plugin.

> Task :lib_base_common:preBuild UP-TO-DATE
> Task :lib_bu_account:preBuild UP-TO-DATE
> Task :lib_base_logger:preBuild UP-TO-DATE
> Task :lib_base_ui_compose:preBuild UP-TO-DATE
> Task :lib_bu_statistics:preBuild UP-TO-DATE
> Task :lib_base_network:preBuild UP-TO-DATE
> Task :lib_core_data:checkKotlinGradlePluginConfigurationErrors SKIPPED
> Task :lib_base_ui:preBuild UP-TO-DATE
> Task :lib_base_service_api:preBuild UP-TO-DATE
> Task :lib_bu_message:preBuild UP-TO-DATE
> Task :lib_base_logger:preDebugBuild UP-TO-DATE
> Task :lib_base_ui:preDebugBuild UP-TO-DATE
> Task :lib_base_common:preDebugBuild UP-TO-DATE
> Task :lib_base_ui_compose:preDebugBuild UP-TO-DATE
> Task :lib_bu_account:preDebugBuild UP-TO-DATE
> Task :lib_base_network:preDebugBuild UP-TO-DATE
> Task :lib_core_data:preBuild UP-TO-DATE
> Task :lib_bu_statistics:preDebugBuild UP-TO-DATE
> Task :lib_core:preBuild UP-TO-DATE
> Task :lib_base_service_api:preDebugBuild UP-TO-DATE
> Task :lib_module_debug:preBuild UP-TO-DATE
> Task :lib_bu_message:preDebugBuild UP-TO-DATE
> Task :lib_core_data:preDebugBuild UP-TO-DATE
> Task :lib_core:preDebugBuild UP-TO-DATE
> Task :nga_phone_base_3.0:checkKotlinGradlePluginConfigurationErrors SKIPPED
> Task :nga_phone_base_3.0:preBuild UP-TO-DATE
> Task :lib_module_debug:preDebugBuild UP-TO-DATE
> Task :nga_phone_base_3.0:preDebugBuild UP-TO-DATE
> Task :lib_bu_account:mergeDebugJniLibFolders
> Task :lib_base_logger:mergeDebugJniLibFolders
> Task :lib_base_network:mergeDebugJniLibFolders
> Task :lib_bu_statistics:mergeDebugJniLibFolders
> Task :lib_base_common:mergeDebugJniLibFolders
> Task :lib_core:mergeDebugJniLibFolders
> Task :lib_bu_message:mergeDebugJniLibFolders
> Task :lib_bu_account:mergeDebugNativeLibs NO-SOURCE
> Task :lib_base_logger:mergeDebugNativeLibs NO-SOURCE
> Task :lib_base_ui_compose:mergeDebugJniLibFolders
> Task :lib_base_common:mergeDebugNativeLibs NO-SOURCE
> Task :lib_bu_account:stripDebugDebugSymbols NO-SOURCE
> Task :lib_base_service_api:mergeDebugJniLibFolders
> Task :lib_base_common:stripDebugDebugSymbols NO-SOURCE
> Task :lib_base_ui:mergeDebugJniLibFolders
> Task :lib_module_debug:mergeDebugJniLibFolders
> Task :lib_base_service_api:mergeDebugNativeLibs NO-SOURCE
> Task :lib_bu_statistics:mergeDebugNativeLibs NO-SOURCE
> Task :lib_core:mergeDebugNativeLibs NO-SOURCE
> Task :nga_phone_base_3.0:generateDebugBuildConfig
> Task :lib_core_data:generateDebugBuildConfig
> Task :lib_base_ui_compose:mergeDebugNativeLibs NO-SOURCE
> Task :lib_base_service_api:stripDebugDebugSymbols NO-SOURCE
> Task :lib_core:stripDebugDebugSymbols NO-SOURCE
> Task :lib_bu_statistics:stripDebugDebugSymbols NO-SOURCE
> Task :lib_module_debug:mergeDebugNativeLibs NO-SOURCE
> Task :lib_base_ui:mergeDebugNativeLibs NO-SOURCE
> Task :lib_base_network:mergeDebugNativeLibs NO-SOURCE
> Task :lib_base_ui:stripDebugDebugSymbols NO-SOURCE
> Task :lib_base_network:stripDebugDebugSymbols NO-SOURCE
> Task :lib_bu_account:checkKotlinGradlePluginConfigurationErrors SKIPPED
> Task :lib_base_common:checkKotlinGradlePluginConfigurationErrors SKIPPED
> Task :lib_base_ui_compose:stripDebugDebugSymbols NO-SOURCE
> Task :lib_base_logger:stripDebugDebugSymbols NO-SOURCE
> Task :lib_bu_message:mergeDebugNativeLibs NO-SOURCE
> Task :lib_base_ui:checkKotlinGradlePluginConfigurationErrors SKIPPED
> Task :lib_core:copyDebugJniLibsProjectAndLocalJars
> Task :lib_base_service_api:checkKotlinGradlePluginConfigurationErrors SKIPPED
> Task :lib_base_common:copyDebugJniLibsProjectAndLocalJars
> Task :lib_bu_message:stripDebugDebugSymbols NO-SOURCE
> Task :lib_base_service_api:copyDebugJniLibsProjectAndLocalJars
> Task :lib_bu_account:copyDebugJniLibsProjectAndLocalJars
> Task :lib_core:checkKotlinGradlePluginConfigurationErrors SKIPPED
> Task :lib_module_debug:stripDebugDebugSymbols NO-SOURCE
> Task :lib_core_data:generateDebugResValues
> Task :lib_base_network:checkKotlinGradlePluginConfigurationErrors SKIPPED
> Task :lib_base_ui_compose:checkKotlinGradlePluginConfigurationErrors SKIPPED
> Task :lib_base_network:copyDebugJniLibsProjectAndLocalJars
> Task :lib_base_logger:copyDebugJniLibsProjectAndLocalJars
> Task :lib_base_ui_compose:copyDebugJniLibsProjectAndLocalJars
> Task :nga_phone_base_3.0:generateDebugResValues
> Task :lib_bu_message:checkKotlinGradlePluginConfigurationErrors SKIPPED
> Task :lib_base_ui:copyDebugJniLibsProjectAndLocalJars
> Task :lib_module_debug:checkKotlinGradlePluginConfigurationErrors SKIPPED
> Task :lib_base_common:generateDebugBuildConfig
> Task :lib_core_data:generateDebugResources
> Task :lib_bu_statistics:copyDebugJniLibsProjectAndLocalJars
> Task :lib_module_debug:copyDebugJniLibsProjectAndLocalJars
> Task :lib_bu_account:generateDebugBuildConfig
> Task :lib_bu_message:copyDebugJniLibsProjectAndLocalJars
> Task :lib_base_ui:generateDebugBuildConfig
> Task :lib_core:generateDebugBuildConfig
> Task :lib_base_common:generateDebugResValues
> Task :lib_base_service_api:generateDebugBuildConfig
> Task :lib_base_logger:generateDebugBuildConfig
> Task :lib_bu_account:generateDebugResValues
> Task :nga_phone_base_3.0:generateDebugResources
> Task :lib_base_network:generateDebugBuildConfig
> Task :lib_base_ui_compose:generateDebugBuildConfig
> Task :lib_bu_statistics:generateDebugBuildConfig
> Task :lib_core:generateDebugResValues
> Task :lib_module_debug:generateDebugBuildConfig
> Task :lib_base_service_api:generateDebugResValues
> Task :lib_bu_message:generateDebugBuildConfig
> Task :lib_base_network:generateDebugResValues
> Task :lib_base_ui:generateDebugResValues
> Task :lib_base_ui_compose:generateDebugResValues
> Task :lib_base_common:generateDebugResources
> Task :lib_base_logger:generateDebugResValues
> Task :lib_bu_account:generateDebugResources
> Task :lib_bu_statistics:generateDebugResValues
> Task :lib_core:generateDebugResources
> Task :lib_bu_message:generateDebugResValues
> Task :lib_module_debug:generateDebugResValues
> Task :lib_base_service_api:generateDebugResources
> Task :lib_core_data:packageDebugResources
> Task :lib_base_ui:generateDebugResources
> Task :lib_base_ui_compose:generateDebugResources
> Task :lib_base_logger:generateDebugResources
> Task :lib_bu_statistics:generateDebugResources
> Task :lib_base_network:generateDebugResources
> Task :lib_bu_message:generateDebugResources
> Task :lib_module_debug:generateDebugResources
> Task :lib_core:packageDebugResources
> Task :lib_base_network:extractDeepLinksForAarDebug
> Task :lib_bu_account:packageDebugResources
> Task :lib_bu_message:extractDeepLinksForAarDebug
> Task :lib_bu_statistics:extractDeepLinksForAarDebug
> Task :lib_base_service_api:packageDebugResources
> Task :lib_core_data:parseDebugLocalResources
> Task :lib_base_common:packageDebugResources
> Task :lib_base_logger:packageDebugResources
> Task :lib_module_debug:extractDeepLinksForAarDebug
> Task :lib_core_data:javaPreCompileDebug
> Task :lib_base_ui:packageDebugResources
> Task :lib_bu_message:mergeDebugShaders
> Task :lib_base_ui_compose:packageDebugResources
> Task :lib_bu_account:extractDeepLinksForAarDebug
> Task :lib_core:parseDebugLocalResources
> Task :lib_core:extractDeepLinksForAarDebug
> Task :lib_bu_account:parseDebugLocalResources
> Task :lib_base_network:packageDebugResources
> Task :lib_base_ui:parseDebugLocalResources
> Task :lib_bu_statistics:packageDebugResources
> Task :lib_core_data:generateDebugRFile
> Task :lib_core_data:mergeDebugJniLibFolders
> Task :lib_base_common:extractDeepLinksForAarDebug
> Task :lib_base_logger:parseDebugLocalResources
> Task :lib_base_service_api:parseDebugLocalResources
> Task :lib_module_debug:packageDebugResources
> Task :lib_base_common:parseDebugLocalResources
> Task :lib_base_logger:extractDeepLinksForAarDebug
> Task :lib_base_service_api:extractDeepLinksForAarDebug
> Task :lib_core_data:mergeDebugNativeLibs NO-SOURCE
> Task :lib_base_ui:extractDeepLinksForAarDebug
> Task :lib_core_data:stripDebugDebugSymbols NO-SOURCE
> Task :lib_base_ui_compose:extractDeepLinksForAarDebug
> Task :lib_base_ui_compose:parseDebugLocalResources
> Task :lib_base_common:mergeDebugShaders
> Task :lib_bu_account:generateDebugRFile
> Task :lib_base_service_api:mergeDebugShaders
> Task :lib_base_service_api:compileDebugShaders NO-SOURCE
> Task :lib_base_service_api:generateDebugAssets UP-TO-DATE
> Task :lib_core_data:copyDebugJniLibsProjectAndLocalJars
> Task :lib_base_network:parseDebugLocalResources
> Task :lib_base_ui_compose:mergeDebugShaders
> Task :lib_core:generateDebugRFile
> Task :lib_base_logger:generateDebugRFile
> Task :lib_bu_account:mergeDebugShaders
> Task :lib_base_common:compileDebugShaders NO-SOURCE
> Task :lib_base_common:generateDebugAssets UP-TO-DATE
> Task :lib_base_network:mergeDebugShaders
> Task :lib_bu_statistics:parseDebugLocalResources
> Task :lib_base_logger:mergeDebugShaders
> Task :lib_base_service_api:generateDebugRFile
> Task :lib_module_debug:parseDebugLocalResources
> Task :lib_bu_account:compileDebugShaders NO-SOURCE
> Task :lib_base_ui_compose:compileDebugShaders NO-SOURCE
> Task :lib_base_logger:compileDebugShaders NO-SOURCE
> Task :lib_bu_account:generateDebugAssets UP-TO-DATE
> Task :lib_base_ui_compose:generateDebugAssets UP-TO-DATE
> Task :lib_core_data:extractDeepLinksForAarDebug
> Task :lib_bu_statistics:mergeDebugShaders
> Task :lib_base_logger:generateDebugAssets UP-TO-DATE
> Task :lib_base_service_api:mergeDebugAssets
> Task :lib_module_debug:mergeDebugShaders
> Task :lib_core:mergeDebugShaders
> Task :lib_bu_message:packageDebugResources
> Task :lib_base_ui:generateDebugRFile
> Task :lib_base_ui_compose:generateDebugRFile
> Task :lib_base_common:generateDebugRFile
> Task :lib_base_common:mergeDebugAssets
> Task :lib_core_data:mergeDebugShaders
> Task :lib_core:compileDebugShaders NO-SOURCE
> Task :lib_base_ui_compose:mergeDebugAssets
> Task :lib_core_data:compileDebugShaders NO-SOURCE
> Task :lib_base_network:compileDebugShaders NO-SOURCE
> Task :lib_base_ui:mergeDebugShaders
> Task :lib_core:generateDebugAssets UP-TO-DATE
> Task :lib_bu_statistics:compileDebugShaders NO-SOURCE
> Task :lib_core_data:generateDebugAssets UP-TO-DATE
> Task :lib_base_network:generateDebugAssets UP-TO-DATE
> Task :lib_base_logger:mergeDebugAssets
> Task :lib_bu_account:mergeDebugAssets
> Task :lib_bu_statistics:generateDebugAssets UP-TO-DATE
> Task :lib_base_ui:compileDebugShaders NO-SOURCE
> Task :lib_base_ui:generateDebugAssets UP-TO-DATE
> Task :lib_module_debug:compileDebugShaders NO-SOURCE
> Task :lib_base_network:generateDebugRFile
> Task :lib_bu_statistics:generateDebugRFile
> Task :lib_base_logger:prepareDebugArtProfile
> Task :lib_bu_message:compileDebugShaders NO-SOURCE
> Task :lib_base_ui_compose:javaPreCompileDebug
> Task :lib_module_debug:generateDebugRFile
> Task :lib_module_debug:generateDebugAssets UP-TO-DATE
> Task :lib_bu_message:generateDebugAssets UP-TO-DATE
> Task :lib_base_network:mergeDebugAssets
> Task :lib_core_data:mergeDebugAssets
> Task :lib_base_ui_compose:prepareDebugArtProfile
> Task :lib_base_logger:javaPreCompileDebug
> Task :lib_base_ui:mergeDebugAssets
> Task :lib_bu_message:parseDebugLocalResources
> Task :lib_base_logger:prepareLintJarForPublish
> Task :lib_bu_statistics:mergeDebugAssets
> Task :lib_core_data:prepareDebugArtProfile
> Task :lib_base_network:prepareDebugArtProfile
> Task :lib_base_ui_compose:prepareLintJarForPublish
> Task :lib_module_debug:mergeDebugAssets
> Task :lib_base_network:javaPreCompileDebug
> Task :lib_bu_message:mergeDebugAssets
> Task :lib_base_logger:processDebugJavaRes NO-SOURCE
> Task :lib_base_network:prepareLintJarForPublish
> Task :lib_core_data:prepareLintJarForPublish
> Task :lib_base_ui_compose:writeDebugAarMetadata
> Task :lib_base_logger:preDebugAndroidTestBuild UP-TO-DATE
> Task :lib_base_ui_compose:preDebugAndroidTestBuild UP-TO-DATE
> Task :lib_bu_statistics:javaPreCompileDebug
> Task :lib_base_logger:writeDebugAarMetadata
> Task :lib_base_logger:mergeDebugJavaResource
> Task :lib_base_logger:generateDebugAndroidTestResValues
> Task :lib_base_ui_compose:generateDebugAndroidTestResValues
> Task :lib_base_ui_compose:processDebugManifest
> Task :lib_base_network:preDebugAndroidTestBuild UP-TO-DATE
> Task :lib_base_ui:prepareDebugArtProfile

> Task :lib_base_logger:processDebugManifest
package="gov.anzong.androidnga.base.logger" found in source AndroidManifest.xml: /home/toph/nga-just-works-upstream-adoption/lib_base_logger/src/main/AndroidManifest.xml.
Setting the namespace via the package attribute in the source AndroidManifest.xml is no longer supported, and the value is ignored.
Recommendation: remove package="gov.anzong.androidnga.base.logger" from the source AndroidManifest.xml: /home/toph/nga-just-works-upstream-adoption/lib_base_logger/src/main/AndroidManifest.xml.

> Task :lib_base_ui:javaPreCompileDebug
> Task :lib_base_logger:writeDebugLintModelMetadata
> Task :lib_bu_message:generateDebugRFile
> Task :lib_base_ui_compose:writeDebugLintModelMetadata
> Task :lib_base_network:generateDebugAndroidTestResValues
> Task :lib_bu_message:prepareDebugArtProfile
> Task :lib_module_debug:javaPreCompileDebug
> Task :lib_base_logger:extractProguardFiles
> Task :lib_base_logger:preDebugUnitTestBuild UP-TO-DATE
> Task :lib_base_network:processDebugManifest
> Task :lib_base_ui_compose:extractProguardFiles
> Task :lib_base_ui:preDebugAndroidTestBuild UP-TO-DATE
> Task :lib_base_ui:prepareLintJarForPublish
> Task :lib_bu_message:javaPreCompileDebug
> Task :lib_base_ui_compose:preDebugUnitTestBuild UP-TO-DATE
> Task :lib_base_ui:writeDebugAarMetadata
> Task :lib_base_network:writeDebugAarMetadata
> Task :lib_base_network:writeDebugLintModelMetadata
> Task :lib_core_data:writeDebugLintModelMetadata
> Task :lib_base_ui:generateDebugAndroidTestResValues
> Task :lib_bu_statistics:prepareDebugArtProfile
> Task :lib_bu_message:preDebugAndroidTestBuild UP-TO-DATE
> Task :lib_bu_message:prepareLintJarForPublish
> Task :lib_core_data:processDebugManifest
> Task :lib_core_data:writeDebugAarMetadata
> Task :lib_base_network:extractProguardFiles
> Task :lib_base_network:preDebugUnitTestBuild UP-TO-DATE
> Task :lib_module_debug:prepareDebugArtProfile
> Task :lib_bu_message:generateDebugAndroidTestResValues
> Task :lib_core_data:extractProguardFiles
> Task :lib_core_data:preDebugAndroidTestBuild UP-TO-DATE
> Task :lib_bu_message:processDebugManifest
> Task :lib_bu_message:writeDebugLintModelMetadata
> Task :lib_bu_message:writeDebugAarMetadata
> Task :lib_core_data:generateDebugAndroidTestResValues
> Task :lib_module_debug:prepareLintJarForPublish
> Task :lib_base_ui:writeDebugLintModelMetadata
> Task :lib_bu_statistics:processDebugJavaRes NO-SOURCE
> Task :lib_core_data:preDebugUnitTestBuild UP-TO-DATE
> Task :lib_base_ui:processDebugManifest

> Task :lib_bu_statistics:processDebugManifest
package="com.justwen.androidnga.cloud" found in source AndroidManifest.xml: /home/toph/nga-just-works-upstream-adoption/lib_bu_statistics/src/main/AndroidManifest.xml.
Setting the namespace via the package attribute in the source AndroidManifest.xml is no longer supported, and the value is ignored.
Recommendation: remove package="com.justwen.androidnga.cloud" from the source AndroidManifest.xml: /home/toph/nga-just-works-upstream-adoption/lib_bu_statistics/src/main/AndroidManifest.xml.

> Task :lib_base_logger:compileDebugLibraryResources
> Task :lib_bu_message:extractProguardFiles
> Task :lib_base_ui:extractProguardFiles
> Task :lib_bu_message:preDebugUnitTestBuild UP-TO-DATE
> Task :lib_base_ui:preDebugUnitTestBuild UP-TO-DATE
> Task :lib_bu_statistics:prepareLintJarForPublish
> Task :lib_module_debug:writeDebugAarMetadata
> Task :lib_module_debug:preDebugAndroidTestBuild UP-TO-DATE
> Task :lib_base_network:compileDebugLibraryResources
> Task :lib_base_logger:extractDeepLinksDebug
> Task :lib_core_data:compileDebugLibraryResources
> Task :lib_bu_statistics:mergeDebugJavaResource
> Task :lib_module_debug:processDebugManifest
> Task :lib_base_network:extractDeepLinksDebug
> Task :lib_bu_statistics:preDebugAndroidTestBuild UP-TO-DATE
> Task :lib_base_ui_compose:compileDebugLibraryResources
> Task :lib_module_debug:generateDebugAndroidTestResValues
> Task :lib_base_ui:extractDeepLinksDebug
> Task :lib_base_ui:compileDebugLibraryResources
> Task :lib_bu_statistics:generateDebugAndroidTestResValues
> Task :lib_bu_message:extractDeepLinksDebug
> Task :lib_module_debug:writeDebugLintModelMetadata
> Task :lib_bu_account:prepareDebugArtProfile
> Task :lib_core_data:extractDeepLinksDebug
> Task :lib_bu_statistics:writeDebugLintModelMetadata
> Task :lib_bu_statistics:writeDebugAarMetadata
> Task :lib_module_debug:extractProguardFiles
> Task :lib_module_debug:preDebugUnitTestBuild UP-TO-DATE
> Task :lib_bu_statistics:extractProguardFiles
> Task :lib_bu_statistics:preDebugUnitTestBuild UP-TO-DATE
> Task :lib_base_ui_compose:extractDeepLinksDebug
> Task :lib_bu_account:preDebugAndroidTestBuild UP-TO-DATE
> Task :lib_bu_account:writeDebugAarMetadata
> Task :lib_bu_account:prepareLintJarForPublish
> Task :lib_bu_account:javaPreCompileDebug
> Task :lib_module_debug:compileDebugLibraryResources
> Task :lib_bu_account:generateDebugAndroidTestResValues
> Task :lib_bu_message:compileDebugLibraryResources
> Task :lib_module_debug:extractDeepLinksDebug
> Task :lib_bu_account:processDebugManifest
> Task :lib_bu_statistics:compileDebugLibraryResources
> Task :lib_bu_account:writeDebugLintModelMetadata
> Task :lib_bu_statistics:extractDeepLinksDebug
> Task :lib_core:mergeDebugAssets
> Task :lib_bu_account:extractProguardFiles
> Task :lib_bu_account:preDebugUnitTestBuild UP-TO-DATE
> Task :lib_core:prepareDebugArtProfile
> Task :lib_core:javaPreCompileDebug
> Task :lib_bu_account:extractDeepLinksDebug
> Task :lib_bu_account:compileDebugLibraryResources
> Task :lib_core:prepareLintJarForPublish
> Task :lib_core:preDebugAndroidTestBuild UP-TO-DATE

> Task :lib_core:processDebugManifest
package="gov.anzong.androidnga.core" found in source AndroidManifest.xml: /home/toph/nga-just-works-upstream-adoption/lib_core/src/main/AndroidManifest.xml.
Setting the namespace via the package attribute in the source AndroidManifest.xml is no longer supported, and the value is ignored.
Recommendation: remove package="gov.anzong.androidnga.core" from the source AndroidManifest.xml: /home/toph/nga-just-works-upstream-adoption/lib_core/src/main/AndroidManifest.xml.

> Task :lib_core:writeDebugAarMetadata
> Task :lib_core:generateDebugAndroidTestResValues
> Task :lib_core:writeDebugLintModelMetadata
> Task :lib_core:extractProguardFiles
> Task :lib_core:preDebugUnitTestBuild UP-TO-DATE
> Task :lib_core:compileDebugLibraryResources
> Task :lib_core:extractDeepLinksDebug
> Task :lib_base_service_api:prepareDebugArtProfile
> Task :lib_base_service_api:javaPreCompileDebug
> Task :lib_base_service_api:prepareLintJarForPublish
> Task :lib_base_service_api:preDebugAndroidTestBuild UP-TO-DATE
> Task :lib_base_service_api:writeDebugAarMetadata
> Task :lib_base_common:javaPreCompileDebug
> Task :lib_base_common:prepareDebugArtProfile
> Task :lib_base_service_api:generateDebugAndroidTestResValues
> Task :lib_base_service_api:processDebugManifest
> Task :lib_base_service_api:writeDebugLintModelMetadata
> Task :lib_base_common:prepareLintJarForPublish
> Task :lib_base_service_api:extractProguardFiles
> Task :lib_base_service_api:preDebugUnitTestBuild UP-TO-DATE
> Task :lib_base_common:preDebugAndroidTestBuild UP-TO-DATE
> Task :lib_base_common:writeDebugAarMetadata
> Task :lib_base_common:generateDebugAndroidTestResValues
> Task :lib_base_service_api:compileDebugLibraryResources

> Task :lib_base_common:processDebugManifest
package="gov.anzong.androidnga.common" found in source AndroidManifest.xml: /home/toph/nga-just-works-upstream-adoption/lib_base_common/src/main/AndroidManifest.xml.
Setting the namespace via the package attribute in the source AndroidManifest.xml is no longer supported, and the value is ignored.
Recommendation: remove package="gov.anzong.androidnga.common" from the source AndroidManifest.xml: /home/toph/nga-just-works-upstream-adoption/lib_base_common/src/main/AndroidManifest.xml.

> Task :lib_base_service_api:extractDeepLinksDebug
> Task :lib_base_common:writeDebugLintModelMetadata
> Task :lib_base_common:extractProguardFiles
> Task :lib_base_common:preDebugUnitTestBuild UP-TO-DATE
> Task :lib_base_common:compileDebugLibraryResources
> Task :lib_base_common:extractDeepLinksDebug
> Task :nga_phone_base_3.0:packageDebugResources
> Task :nga_phone_base_3.0:checkDebugAarMetadata
> Task :nga_phone_base_3.0:mapDebugSourceSetPaths
> Task :lib_base_service_api:compileDebugKotlin
> Task :lib_base_common:compileDebugKotlin
> Task :nga_phone_base_3.0:createDebugCompatibleScreenManifests
> Task :nga_phone_base_3.0:extractDeepLinksDebug
> Task :nga_phone_base_3.0:parseDebugLocalResources

> Task :nga_phone_base_3.0:processDebugMainManifest
package="gov.anzong.androidnga" found in source AndroidManifest.xml: /home/toph/nga-just-works-upstream-adoption/nga_phone_base_3.0/src/main/AndroidManifest.xml.
Setting the namespace via the package attribute in the source AndroidManifest.xml is no longer supported, and the value is ignored.
Recommendation: remove package="gov.anzong.androidnga" from the source AndroidManifest.xml: /home/toph/nga-just-works-upstream-adoption/nga_phone_base_3.0/src/main/AndroidManifest.xml.
/home/toph/nga-just-works-upstream-adoption/nga_phone_base_3.0/src/main/AndroidManifest.xml:15:5-94 Warning:
	uses-permission#android.permission.READ_PHONE_STATE was tagged at AndroidManifest.xml:15 to remove other declarations but no other declaration present

> Task :nga_phone_base_3.0:processDebugManifest
> Task :nga_phone_base_3.0:preDebugAndroidTestBuild SKIPPED
> Task :nga_phone_base_3.0:generateDebugAndroidTestResValues
> Task :nga_phone_base_3.0:extractProguardFiles
> Task :nga_phone_base_3.0:preDebugUnitTestBuild UP-TO-DATE
> Task :nga_phone_base_3.0:javaPreCompileDebug
> Task :nga_phone_base_3.0:processDebugManifestForPackage
> Task :nga_phone_base_3.0:mergeDebugResources
> Task :nga_phone_base_3.0:processDebugResources
> Task :lib_base_service_api:extractDebugAnnotations
> Task :lib_base_common:extractDebugAnnotations
> Task :lib_base_service_api:compileDebugJavaWithJavac
> Task :lib_base_service_api:mergeDebugGeneratedProguardFiles
> Task :lib_base_service_api:mergeDebugConsumerProguardFiles
> Task :lib_base_service_api:processDebugJavaRes
> Task :lib_base_service_api:bundleLibRuntimeToJarDebug
> Task :lib_base_service_api:mergeDebugJavaResource
> Task :lib_base_service_api:generateDebugLintReportModel
> Task :lib_base_service_api:syncDebugLibJars
> Task :lib_base_service_api:bundleDebugLocalLintAar
> Task :lib_base_service_api:createFullJarDebug
> Task :lib_base_service_api:generateDebugAndroidTestLintModel
> Task :lib_base_service_api:generateDebugUnitTestLintModel
> Task :lib_base_service_api:generateDebugLintModel
> Task :lib_base_service_api:bundleLibCompileToJarDebug

> Task :lib_base_common:compileDebugJavaWithJavac
Note: Some input files use or override a deprecated API.
Note: Recompile with -Xlint:deprecation for details.
Note: Some input files use unchecked or unsafe operations.
Note: Recompile with -Xlint:unchecked for details.

> Task :lib_base_common:mergeDebugGeneratedProguardFiles
> Task :lib_base_common:mergeDebugConsumerProguardFiles
> Task :lib_base_common:processDebugJavaRes
> Task :lib_base_common:mergeDebugJavaResource
> Task :lib_base_common:bundleLibRuntimeToJarDebug
> Task :lib_base_common:generateDebugLintReportModel
> Task :lib_base_common:syncDebugLibJars
> Task :lib_base_common:bundleDebugLocalLintAar
> Task :lib_base_common:createFullJarDebug
> Task :lib_base_common:generateDebugLintModel
> Task :lib_base_common:bundleLibCompileToJarDebug
> Task :lib_base_logger:extractDebugAnnotations
> Task :lib_bu_statistics:extractDebugAnnotations
> Task :lib_base_logger:compileDebugJavaWithJavac
> Task :lib_base_logger:mergeDebugGeneratedProguardFiles
> Task :lib_base_logger:mergeDebugConsumerProguardFiles
> Task :lib_base_logger:syncDebugLibJars
> Task :lib_bu_statistics:compileDebugJavaWithJavac
> Task :lib_bu_statistics:mergeDebugGeneratedProguardFiles
> Task :lib_base_logger:bundleDebugLocalLintAar
> Task :lib_bu_statistics:mergeDebugConsumerProguardFiles
> Task :lib_base_logger:bundleLibRuntimeToJarDebug
> Task :lib_base_logger:createFullJarDebug
> Task :lib_bu_statistics:syncDebugLibJars
> Task :lib_bu_statistics:bundleDebugLocalLintAar
> Task :lib_bu_statistics:bundleLibRuntimeToJarDebug
> Task :lib_base_logger:generateDebugLintReportModel
> Task :lib_base_common:generateDebugAndroidTestLintModel
> Task :lib_bu_statistics:generateDebugLintReportModel
> Task :lib_bu_statistics:createFullJarDebug
> Task :lib_base_common:generateDebugUnitTestLintModel
> Task :lib_bu_statistics:generateDebugAndroidTestLintModel
> Task :lib_bu_statistics:generateDebugUnitTestLintModel
> Task :lib_bu_statistics:generateDebugLintModel
> Task :lib_bu_statistics:bundleLibCompileToJarDebug
> Task :lib_base_logger:generateDebugAndroidTestLintModel
> Task :lib_base_logger:generateDebugUnitTestLintModel
> Task :lib_base_logger:generateDebugLintModel
> Task :lib_base_logger:bundleLibCompileToJarDebug
> Task :lib_core_data:compileDebugKotlin
> Task :lib_core_data:compileDebugJavaWithJavac
> Task :lib_core_data:bundleLibCompileToJarDebug
> Task :lib_core_data:extractDebugAnnotations
> Task :lib_core_data:mergeDebugGeneratedProguardFiles
> Task :lib_core_data:mergeDebugConsumerProguardFiles
> Task :lib_core_data:processDebugJavaRes
> Task :lib_core_data:bundleLibRuntimeToJarDebug
> Task :lib_core_data:mergeDebugJavaResource
> Task :lib_core_data:generateDebugLintModel
> Task :lib_core_data:syncDebugLibJars
> Task :lib_core_data:bundleDebugLocalLintAar
> Task :lib_core_data:createFullJarDebug
> Task :lib_base_network:compileDebugKotlin
> Task :lib_core_data:generateDebugLintReportModel
> Task :lib_base_network:extractDebugAnnotations
> Task :lib_core_data:generateDebugAndroidTestLintModel
> Task :lib_base_ui:kaptGenerateStubsDebugKotlin
> Task :lib_core_data:generateDebugUnitTestLintModel

> Task :lib_base_network:compileDebugJavaWithJavac
Note: /home/toph/nga-just-works-upstream-adoption/lib_base_network/src/main/java/com/justwen/androidnga/base/network/retrofit/RetrofitHelper.java uses or overrides a deprecated API.
Note: Recompile with -Xlint:deprecation for details.

> Task :lib_base_network:mergeDebugGeneratedProguardFiles
> Task :lib_base_network:mergeDebugConsumerProguardFiles
> Task :lib_base_network:processDebugJavaRes
> Task :lib_base_network:mergeDebugJavaResource
> Task :lib_base_network:bundleLibRuntimeToJarDebug
> Task :lib_base_network:generateDebugLintReportModel
> Task :lib_base_network:syncDebugLibJars
> Task :lib_base_network:bundleDebugLocalLintAar
> Task :lib_base_network:createFullJarDebug
> Task :lib_base_network:generateDebugLintModel

> Task :lib_base_ui:kaptDebugKotlin
[WARN] Issue detected with com.alibaba.android.arouter.compiler.processor.RouteProcessor. Expected 1 originating source file when generating /home/toph/nga-just-works-upstream-adoption/lib_base_ui/build/generated/source/kapt/debug/com/alibaba/android/arouter/routes/ARouter$$Group$$base.java, but detected 0: [].
Note: ARouter::Compiler The user has configuration the module name, it was [lib_base_ui]
Note: ARouter::Compiler >>> AutowiredProcessor init. <<<
Note: ARouter::Compiler The user has configuration the module name, it was [lib_base_ui]
Note: ARouter::Compiler >>> InterceptorProcessor init. <<<
Note: ARouter::Compiler The user has configuration the module name, it was [lib_base_ui]
Note: ARouter::Compiler >>> RouteProcessor init. <<<
Note: ARouter::Compiler >>> Found routes, start... <<<
Note: ARouter::Compiler >>> Found routes, size is 1 <<<
Note: ARouter::Compiler >>> Found activity route: com.justwen.androidnga.ui.FragmentTemplateActivity <<<
Note: ARouter::Compiler >>> Start categories, group = base, path = /base/fragment <<<
Note: ARouter::Compiler >>> Generated group: base<<<
Note: ARouter::Compiler >>> Generated provider map, name is ARouter$$Providers$$lib_base_ui <<<
Note: ARouter::Compiler >>> Generated root, name is ARouter$$Root$$lib_base_ui <<<

> Task :lib_base_network:generateDebugAndroidTestLintModel
> Task :lib_base_network:generateDebugUnitTestLintModel
> Task :lib_base_network:bundleLibCompileToJarDebug
> Task :lib_core:compileDebugKotlin
> Task :lib_core:extractDebugAnnotations
> Task :lib_core:compileDebugJavaWithJavac
> Task :lib_core:mergeDebugGeneratedProguardFiles
> Task :lib_core:mergeDebugConsumerProguardFiles
> Task :lib_core:processDebugJavaRes
> Task :lib_core:mergeDebugJavaResource
> Task :lib_core:bundleLibRuntimeToJarDebug
> Task :lib_core:generateDebugLintReportModel
> Task :lib_core:syncDebugLibJars
> Task :lib_core:bundleDebugLocalLintAar
> Task :lib_core:createFullJarDebug
> Task :lib_core:generateDebugLintModel
> Task :lib_core:bundleLibCompileToJarDebug

> Task :lib_base_ui:compileDebugKotlin
w: file:///home/toph/nga-just-works-upstream-adoption/lib_base_ui/src/main/java/com/justwen/androidnga/ui/BaseActivity.kt:64:16 'var navigationBarColor: Int' is deprecated. Deprecated in Java.

> Task :lib_base_ui:extractDebugAnnotations
> Task :lib_core:generateDebugAndroidTestLintModel
> Task :lib_base_ui:compileDebugJavaWithJavac
> Task :lib_base_ui:mergeDebugGeneratedProguardFiles
> Task :lib_base_ui:mergeDebugConsumerProguardFiles
> Task :lib_core:generateDebugUnitTestLintModel
> Task :lib_base_ui:processDebugJavaRes
> Task :lib_base_ui:mergeDebugJavaResource
> Task :lib_base_ui:bundleLibRuntimeToJarDebug
> Task :lib_base_ui:generateDebugLintReportModel
> Task :lib_base_ui:syncDebugLibJars
> Task :lib_base_ui:bundleDebugLocalLintAar
> Task :lib_base_ui:createFullJarDebug
> Task :lib_base_ui:generateDebugLintModel
> Task :lib_base_ui:generateDebugAndroidTestLintModel
> Task :lib_base_ui_compose:compileDebugKotlin
> Task :lib_base_ui:generateDebugUnitTestLintModel
> Task :lib_base_ui_compose:extractDebugAnnotations
> Task :lib_base_ui:bundleLibCompileToJarDebug
> Task :lib_base_ui_compose:compileDebugJavaWithJavac
> Task :lib_base_ui_compose:mergeDebugGeneratedProguardFiles
> Task :lib_base_ui_compose:mergeDebugConsumerProguardFiles
> Task :lib_base_ui_compose:processDebugJavaRes
> Task :lib_base_ui_compose:mergeDebugJavaResource
> Task :lib_base_ui_compose:bundleLibRuntimeToJarDebug
> Task :lib_base_ui_compose:generateDebugLintReportModel
> Task :lib_base_ui_compose:syncDebugLibJars
> Task :lib_base_ui_compose:bundleDebugLocalLintAar
> Task :lib_base_ui_compose:createFullJarDebug
> Task :lib_base_ui_compose:generateDebugLintModel
> Task :lib_base_ui_compose:bundleLibCompileToJarDebug
> Task :lib_base_ui_compose:generateDebugAndroidTestLintModel
> Task :lib_base_ui_compose:generateDebugUnitTestLintModel
> Task :lib_module_debug:kaptGenerateStubsDebugKotlin

> Task :lib_module_debug:kaptDebugKotlin
[WARN] Issue detected with com.alibaba.android.arouter.compiler.processor.RouteProcessor. Expected 1 originating source file when generating /home/toph/nga-just-works-upstream-adoption/lib_module_debug/build/generated/source/kapt/debug/com/alibaba/android/arouter/routes/ARouter$$Group$$debug.java, but detected 0: [].
Note: ARouter::Compiler The user has configuration the module name, it was [lib_module_debug]
Note: ARouter::Compiler >>> AutowiredProcessor init. <<<
Note: ARouter::Compiler The user has configuration the module name, it was [lib_module_debug]
Note: ARouter::Compiler >>> InterceptorProcessor init. <<<
Note: ARouter::Compiler The user has configuration the module name, it was [lib_module_debug]
Note: ARouter::Compiler >>> RouteProcessor init. <<<
Note: ARouter::Compiler >>> Found routes, start... <<<
Note: ARouter::Compiler >>> Found routes, size is 1 <<<
Note: ARouter::Compiler >>> Found activity route: com.justwen.androidnga.module.debug.DebugActivity <<<
Note: ARouter::Compiler >>> Start categories, group = debug, path = /debug/activity <<<
Note: ARouter::Compiler >>> Generated group: debug<<<
Note: ARouter::Compiler >>> Generated provider map, name is ARouter$$Providers$$lib_module_debug <<<
Note: ARouter::Compiler >>> Generated root, name is ARouter$$Root$$lib_module_debug <<<

> Task :lib_bu_account:kaptGenerateStubsDebugKotlin
> Task :lib_bu_message:kaptGenerateStubsDebugKotlin

> Task :lib_bu_message:kaptDebugKotlin
[WARN] Issue detected with com.alibaba.android.arouter.compiler.processor.RouteProcessor. Expected 1 originating source file when generating /home/toph/nga-just-works-upstream-adoption/lib_bu_message/build/generated/source/kapt/debug/com/alibaba/android/arouter/routes/ARouter$$Group$$message.java, but detected 0: [].
Note: ARouter::Compiler The user has configuration the module name, it was [lib_bu_message]
Note: ARouter::Compiler >>> AutowiredProcessor init. <<<
Note: ARouter::Compiler The user has configuration the module name, it was [lib_bu_message]
Note: ARouter::Compiler >>> InterceptorProcessor init. <<<
Note: ARouter::Compiler The user has configuration the module name, it was [lib_bu_message]
Note: ARouter::Compiler >>> RouteProcessor init. <<<
Note: ARouter::Compiler >>> Found routes, start... <<<
Note: ARouter::Compiler >>> Found routes, size is 3 <<<
Note: ARouter::Compiler >>> Found activity route: com.justwen.androidnga.module.message.compose.detail.MessageDetailActivity <<<
Note: ARouter::Compiler >>> Start categories, group = message, path = /message/detail <<<
Note: ARouter::Compiler >>> Found activity route: com.justwen.androidnga.module.message.compose.post.MessagePostActivity <<<
Note: ARouter::Compiler >>> Start categories, group = message, path = /message/post <<<
Note: ARouter::Compiler >>> Found activity route: com.justwen.androidnga.module.message.compose.MessageListActivity <<<
Note: ARouter::Compiler >>> Start categories, group = message, path = /message/list <<<
Note: ARouter::Compiler >>> Generated group: message<<<
Note: ARouter::Compiler >>> Generated provider map, name is ARouter$$Providers$$lib_bu_message <<<
Note: ARouter::Compiler >>> Generated root, name is ARouter$$Root$$lib_bu_message <<<

> Task :lib_module_debug:compileDebugKotlin
> Task :lib_module_debug:extractDebugAnnotations

> Task :lib_bu_account:kaptDebugKotlin
[WARN] Issue detected with com.alibaba.android.arouter.compiler.processor.RouteProcessor. Expected 1 originating source file when generating /home/toph/nga-just-works-upstream-adoption/lib_bu_account/build/generated/source/kapt/debug/com/alibaba/android/arouter/routes/ARouter$$Group$$account.java, but detected 0: [].
Note: ARouter::Compiler The user has configuration the module name, it was [lib_bu_account]
Note: ARouter::Compiler >>> AutowiredProcessor init. <<<
Note: ARouter::Compiler The user has configuration the module name, it was [lib_bu_account]
Note: ARouter::Compiler >>> InterceptorProcessor init. <<<
Note: ARouter::Compiler The user has configuration the module name, it was [lib_bu_account]
Note: ARouter::Compiler >>> RouteProcessor init. <<<
Note: ARouter::Compiler >>> Found routes, start... <<<
Note: ARouter::Compiler >>> Found routes, size is 1 <<<
Note: ARouter::Compiler >>> Found activity route: com.justwent.androidnga.bu.login.LoginActivity <<<
Note: ARouter::Compiler >>> Start categories, group = account, path = /account/login <<<
Note: ARouter::Compiler >>> Generated group: account<<<
Note: ARouter::Compiler >>> Generated provider map, name is ARouter$$Providers$$lib_bu_account <<<
Note: ARouter::Compiler >>> Generated root, name is ARouter$$Root$$lib_bu_account <<<

> Task :lib_module_debug:compileDebugJavaWithJavac
> Task :lib_module_debug:mergeDebugGeneratedProguardFiles
> Task :lib_module_debug:mergeDebugConsumerProguardFiles
> Task :lib_module_debug:processDebugJavaRes
> Task :lib_module_debug:mergeDebugJavaResource
> Task :lib_module_debug:bundleLibRuntimeToJarDebug
> Task :lib_module_debug:generateDebugLintReportModel
> Task :lib_module_debug:syncDebugLibJars
> Task :lib_module_debug:bundleDebugLocalLintAar
> Task :lib_module_debug:createFullJarDebug
> Task :lib_module_debug:generateDebugLintModel
> Task :lib_module_debug:generateDebugAndroidTestLintModel
> Task :lib_module_debug:generateDebugUnitTestLintModel
> Task :lib_module_debug:bundleLibCompileToJarDebug
> Task :lib_base_service_api:lintAnalyzeDebugAndroidTest
> Task :lib_base_service_api:lintAnalyzeDebugUnitTest

> Task :lib_bu_message:compileDebugKotlin
w: file:///home/toph/nga-just-works-upstream-adoption/lib_bu_message/src/main/java/com/justwen/androidnga/module/message/compose/detail/MessageDetailActivity.kt:121:13 'fun ClickableText(text: AnnotatedString, modifier: Modifier = ..., style: TextStyle = ..., softWrap: Boolean = ..., overflow: TextOverflow = ..., maxLines: Int = ..., onTextLayout: (TextLayoutResult) -> Unit = ..., onClick: (Int) -> Unit): Unit' is deprecated. Use Text or BasicText and pass an AnnotatedString that contains a LinkAnnotation.

> Task :lib_bu_message:extractDebugAnnotations
> Task :lib_bu_message:compileDebugJavaWithJavac
> Task :lib_bu_message:mergeDebugGeneratedProguardFiles
> Task :lib_bu_message:mergeDebugConsumerProguardFiles
> Task :lib_bu_account:compileDebugKotlin
> Task :lib_bu_message:processDebugJavaRes
> Task :lib_bu_message:mergeDebugJavaResource
> Task :lib_bu_message:bundleLibRuntimeToJarDebug
> Task :lib_bu_account:extractDebugAnnotations
> Task :lib_bu_message:generateDebugLintReportModel
> Task :lib_bu_message:syncDebugLibJars
> Task :lib_bu_message:bundleDebugLocalLintAar
> Task :lib_bu_message:createFullJarDebug
> Task :lib_bu_message:generateDebugLintModel
> Task :lib_bu_message:generateDebugAndroidTestLintModel
> Task :lib_bu_message:generateDebugUnitTestLintModel
> Task :lib_bu_message:bundleLibCompileToJarDebug
> Task :lib_bu_account:compileDebugJavaWithJavac
> Task :lib_bu_account:mergeDebugGeneratedProguardFiles
> Task :lib_bu_account:mergeDebugConsumerProguardFiles
> Task :lib_bu_account:processDebugJavaRes
> Task :lib_bu_account:mergeDebugJavaResource
> Task :lib_bu_account:bundleLibRuntimeToJarDebug
> Task :lib_bu_account:generateDebugLintReportModel
> Task :lib_bu_account:syncDebugLibJars
> Task :lib_bu_account:bundleDebugLocalLintAar
> Task :lib_bu_account:createFullJarDebug
> Task :lib_bu_account:generateDebugLintModel
> Task :lib_bu_account:generateDebugAndroidTestLintModel
> Task :lib_bu_account:generateDebugUnitTestLintModel
> Task :lib_bu_account:bundleLibCompileToJarDebug
> Task :lib_base_service_api:lintAnalyzeDebug
> Task :lib_base_common:lintAnalyzeDebugAndroidTest
> Task :lib_base_logger:lintAnalyzeDebugUnitTest
> Task :lib_base_logger:lintAnalyzeDebugAndroidTest
> Task :nga_phone_base_3.0:kaptGenerateStubsDebugKotlin
> Task :lib_base_network:lintAnalyzeDebugAndroidTest

> Task :lib_base_service_api:lintReportDebug
Wrote HTML report to file:///home/toph/nga-just-works-upstream-adoption/lib_base_service_api/build/reports/lint-results-debug.html

> Task :lib_base_service_api:lintDebug
> Task :lib_base_network:lintAnalyzeDebugUnitTest
> Task :lib_base_common:lintAnalyzeDebugUnitTest
> Task :lib_base_ui:lintAnalyzeDebugAndroidTest

> Task :nga_phone_base_3.0:kaptDebugKotlin
[WARN] Issue detected with com.alibaba.android.arouter.compiler.processor.InterceptorProcessor. Expected 1 originating source file when generating /home/toph/nga-just-works-upstream-adoption/nga_phone_base_3.0/build/generated/source/kapt/debug/com/alibaba/android/arouter/routes/ARouter$$Interceptors$$nga_phone_base_30.java, but detected 0: [].
[WARN] Issue detected with com.alibaba.android.arouter.compiler.processor.RouteProcessor. Expected 1 originating source file when generating /home/toph/nga-just-works-upstream-adoption/nga_phone_base_3.0/build/generated/source/kapt/debug/com/alibaba/android/arouter/routes/ARouter$$Group$$activity.java, but detected 0: [].
Note: [1] Wrote GeneratedAppGlideModule with: []
Note: ARouter::Compiler The user has configuration the module name, it was [nga_phone_base_30]
Note: ARouter::Compiler >>> AutowiredProcessor init. <<<
Note: ARouter::Compiler The user has configuration the module name, it was [nga_phone_base_30]
Note: ARouter::Compiler >>> InterceptorProcessor init. <<<
Note: ARouter::Compiler >>> Found interceptors, size is 1 <<<
Note: ARouter::Compiler A interceptor verify over, its gov.anzong.androidnga.arouter.ActivityInterceptor
Note: ARouter::Compiler >>> Interceptor group write over. <<<
Note: ARouter::Compiler The user has configuration the module name, it was [nga_phone_base_30]
Note: ARouter::Compiler >>> RouteProcessor init. <<<
Note: ARouter::Compiler >>> Found routes, start... <<<
Note: ARouter::Compiler >>> Found routes, size is 8 <<<
Note: ARouter::Compiler >>> Found activity route: gov.anzong.androidnga.activity.RecentNotificationActivity <<<
Note: ARouter::Compiler >>> Start categories, group = activity, path = /activity/notification <<<
Note: ARouter::Compiler >>> Found activity route: gov.anzong.androidnga.activity.ProfileActivity <<<
Note: ARouter::Compiler >>> Start categories, group = activity, path = /activity/profile <<<
Note: ARouter::Compiler >>> Found activity route: gov.anzong.androidnga.activity.PostActivity <<<
Note: ARouter::Compiler >>> Start categories, group = activity, path = /activity/post <<<
Note: ARouter::Compiler >>> Found activity route: gov.anzong.androidnga.activity.ArticleListActivity <<<
Note: ARouter::Compiler >>> Start categories, group = activity, path = /activity/topic_content <<<
Note: ARouter::Compiler >>> Found activity route: gov.anzong.androidnga.activity.TopicListActivity <<<
Note: ARouter::Compiler >>> Start categories, group = activity, path = /activity/topic_list <<<
Note: ARouter::Compiler >>> Found provider route: gov.anzong.androidnga.service.UserManagerService <<<
Note: ARouter::Compiler >>> Start categories, group = service, path = /service/user <<<
Note: ARouter::Compiler >>> Found provider route: gov.anzong.androidnga.service.ThemeManagerService <<<
Note: ARouter::Compiler >>> Start categories, group = service, path = /service/theme <<<
Note: ARouter::Compiler >>> Found activity route: gov.anzong.androidnga.activity.compose.SearchActivity <<<
Note: ARouter::Compiler >>> Start categories, group = activity, path = /activity/search <<<
Note: ARouter::Compiler >>> Generated group: activity<<<
Note: ARouter::Compiler >>> Generated group: service<<<
Note: ARouter::Compiler >>> Generated provider map, name is ARouter$$Providers$$nga_phone_base_30 <<<
Note: ARouter::Compiler >>> Generated root, name is ARouter$$Root$$nga_phone_base_30 <<<

> Task :lib_base_ui_compose:lintAnalyzeDebugAndroidTest
> Task :lib_base_ui:lintAnalyzeDebugUnitTest
> Task :lib_base_ui:lintAnalyzeDebug
> Task :lib_bu_account:lintAnalyzeDebugAndroidTest

> Task :lib_base_ui:lintReportDebug
Wrote HTML report to file:///home/toph/nga-just-works-upstream-adoption/lib_base_ui/build/reports/lint-results-debug.html

> Task :lib_base_ui:lintDebug
> Task :lib_bu_account:lintAnalyzeDebugUnitTest
> Task :lib_bu_message:lintAnalyzeDebugAndroidTest
> Task :lib_core_data:lintAnalyzeDebugAndroidTest
> Task :lib_base_ui_compose:lintAnalyzeDebugUnitTest
> Task :lib_core_data:lintAnalyzeDebugUnitTest
> Task :lib_bu_statistics:lintAnalyzeDebugAndroidTest
> Task :lib_core:lintAnalyzeDebugAndroidTest
> Task :lib_base_common:lintAnalyzeDebug
> Task :lib_bu_message:lintAnalyzeDebugUnitTest
> Task :lib_bu_statistics:lintAnalyzeDebugUnitTest

> Task :lib_base_common:lintReportDebug
Wrote HTML report to file:///home/toph/nga-just-works-upstream-adoption/lib_base_common/build/reports/lint-results-debug.html

> Task :lib_base_common:lintDebug

> Task :nga_phone_base_3.0:compileDebugKotlin
w: file:///home/toph/nga-just-works-upstream-adoption/nga_phone_base_3.0/src/main/java/gov/anzong/androidnga/activity/compose/board/ForumBoardModel.kt:10:8 'class Board : JavaBean' is deprecated.
w: file:///home/toph/nga-just-works-upstream-adoption/nga_phone_base_3.0/src/main/java/gov/anzong/androidnga/activity/compose/board/ForumBoardModel.kt:133:43 'class Board : JavaBean' is deprecated.
w: file:///home/toph/nga-just-works-upstream-adoption/nga_phone_base_3.0/src/main/java/gov/anzong/androidnga/activity/compose/filter/FilterManager.kt:34:47 'val DEPRECATED_FILTER_USER_LIST: String' is deprecated. 错误的Key.
w: file:///home/toph/nga-just-works-upstream-adoption/nga_phone_base_3.0/src/main/java/gov/anzong/androidnga/activity/compose/filter/FilterWordViewModel.kt:65:29 Unchecked cast of 'List<FilterState<out Any>>' to 'List<FilterState<Any>>'.
w: file:///home/toph/nga-just-works-upstream-adoption/nga_phone_base_3.0/src/main/java/gov/anzong/androidnga/activity/compose/filter/FilterWordViewModel.kt:77:41 Unchecked cast of 'FilterState<Any>' to 'FilterState<String>'.
w: file:///home/toph/nga-just-works-upstream-adoption/nga_phone_base_3.0/src/main/java/gov/anzong/androidnga/activity/compose/filter/FilterWordViewModel.kt:78:41 Unchecked cast of 'FilterState<Any>' to 'FilterState<String>'.
w: file:///home/toph/nga-just-works-upstream-adoption/nga_phone_base_3.0/src/main/java/gov/anzong/androidnga/activity/compose/filter/FilterWordViewModel.kt:103:41 Unchecked cast of 'FilterState<Any>' to 'FilterState<String>'.
w: file:///home/toph/nga-just-works-upstream-adoption/nga_phone_base_3.0/src/main/java/gov/anzong/androidnga/activity/compose/filter/FilterWordViewModel.kt:104:41 Unchecked cast of 'FilterState<Any>' to 'FilterState<String>'.
w: file:///home/toph/nga-just-works-upstream-adoption/nga_phone_base_3.0/src/main/java/gov/anzong/androidnga/activity/compose/filter/FilterWordViewModel.kt:135:33 Unchecked cast of 'FilterState<Any>' to 'FilterState<String>'.
w: file:///home/toph/nga-just-works-upstream-adoption/nga_phone_base_3.0/src/main/java/gov/anzong/androidnga/activity/compose/filter/FilterWordViewModel.kt:137:33 Unchecked cast of 'FilterState<Any>' to 'FilterState<String>'.
w: file:///home/toph/nga-just-works-upstream-adoption/nga_phone_base_3.0/src/main/java/gov/anzong/androidnga/activity/compose/filter/FilterWordViewModel.kt:147:33 Unchecked cast of 'FilterState<Any>' to 'FilterState<String>'.
w: file:///home/toph/nga-just-works-upstream-adoption/nga_phone_base_3.0/src/main/java/gov/anzong/androidnga/activity/compose/filter/FilterWordViewModel.kt:149:33 Unchecked cast of 'FilterState<Any>' to 'FilterState<String>'.
w: file:///home/toph/nga-just-works-upstream-adoption/nga_phone_base_3.0/src/main/java/gov/anzong/androidnga/activity/compose/filter/FilterWordViewModel.kt:159:33 Unchecked cast of 'FilterState<Any>' to 'FilterState<String>'.
w: file:///home/toph/nga-just-works-upstream-adoption/nga_phone_base_3.0/src/main/java/gov/anzong/androidnga/activity/compose/filter/FilterWordViewModel.kt:161:33 Unchecked cast of 'FilterState<Any>' to 'FilterState<String>'.
w: file:///home/toph/nga-just-works-upstream-adoption/nga_phone_base_3.0/src/main/java/gov/anzong/androidnga/activity/compose/filter/FilterWordViewModel.kt:168:33 Unchecked cast of 'FilterState<Any>' to 'FilterState<String>'.
w: file:///home/toph/nga-just-works-upstream-adoption/nga_phone_base_3.0/src/main/java/gov/anzong/androidnga/activity/compose/filter/FilterWordViewModel.kt:170:33 Unchecked cast of 'FilterState<Any>' to 'FilterState<String>'.
w: file:///home/toph/nga-just-works-upstream-adoption/nga_phone_base_3.0/src/main/java/gov/anzong/androidnga/ui/fragment/TopicListBaseFragment.kt:39:44 'fun <T : Parcelable!> getParcelable(p0: String?): T?' is deprecated. Deprecated in Java.

> Task :nga_phone_base_3.0:compileDebugJavaWithJavac
Note: Some input files use or override a deprecated API.
Note: Recompile with -Xlint:deprecation for details.
Note: Some input files use unchecked or unsafe operations.
Note: Recompile with -Xlint:unchecked for details.

> Task :lib_base_logger:lintAnalyzeDebug
> Task :nga_phone_base_3.0:generateDebugLintReportModel
> Task :nga_phone_base_3.0:bundleDebugClassesToCompileJar
> Task :nga_phone_base_3.0:generateDebugAndroidTestLintModel
> Task :nga_phone_base_3.0:generateDebugUnitTestLintModel
> Task :lib_core:lintAnalyzeDebugUnitTest

> Task :lib_base_logger:lintReportDebug
Wrote HTML report to file:///home/toph/nga-just-works-upstream-adoption/lib_base_logger/build/reports/lint-results-debug.html

> Task :lib_base_logger:lintDebug
> Task :lib_core_data:lintAnalyzeDebug
> Task :lib_base_network:lintAnalyzeDebug
> Task :lib_bu_statistics:lintAnalyzeDebug

> Task :lib_base_network:lintReportDebug
Wrote HTML report to file:///home/toph/nga-just-works-upstream-adoption/lib_base_network/build/reports/lint-results-debug.html

> Task :lib_base_network:lintDebug

> Task :lib_bu_statistics:lintReportDebug
Wrote HTML report to file:///home/toph/nga-just-works-upstream-adoption/lib_bu_statistics/build/reports/lint-results-debug.html

> Task :lib_bu_statistics:lintDebug

> Task :lib_core_data:lintReportDebug
Wrote HTML report to file:///home/toph/nga-just-works-upstream-adoption/lib_core_data/build/reports/lint-results-debug.html

> Task :lib_core_data:lintDebug
> Task :lib_module_debug:lintAnalyzeDebugAndroidTest

> Task :nga_phone_base_3.0:lintAnalyzeDebugAndroidTest
butterknife.lint.LintRegistry in /home/toph/.gradle/caches/8.11.1/transforms/29b96d59886c3cfe4a581b351a692f06/transformed/jetified-butterknife-runtime-10.2.1/jars/lint.jar does not specify a vendor; see IssueRegistry#vendor

> Task :lib_module_debug:lintAnalyzeDebugUnitTest
> Task :lib_base_ui_compose:lintAnalyzeDebug

> Task :lib_base_ui_compose:lintReportDebug
Wrote HTML report to file:///home/toph/nga-just-works-upstream-adoption/lib_base_ui_compose/build/reports/lint-results-debug.html

> Task :lib_base_ui_compose:lintDebug
> Task :lib_core:lintAnalyzeDebug
> Task :lib_bu_account:lintAnalyzeDebug

> Task :lib_core:lintReportDebug
Wrote HTML report to file:///home/toph/nga-just-works-upstream-adoption/lib_core/build/reports/lint-results-debug.html

> Task :lib_core:lintDebug

> Task :lib_bu_account:lintReportDebug
Wrote HTML report to file:///home/toph/nga-just-works-upstream-adoption/lib_bu_account/build/reports/lint-results-debug.html

> Task :lib_bu_account:lintDebug
> Task :lib_module_debug:lintAnalyzeDebug

> Task :lib_module_debug:lintReportDebug
Wrote HTML report to file:///home/toph/nga-just-works-upstream-adoption/lib_module_debug/build/reports/lint-results-debug.html

> Task :lib_module_debug:lintDebug
> Task :lib_bu_message:lintAnalyzeDebug

> Task :lib_bu_message:lintReportDebug
Wrote HTML report to file:///home/toph/nga-just-works-upstream-adoption/lib_bu_message/build/reports/lint-results-debug.html

> Task :lib_bu_message:lintDebug
> Task :nga_phone_base_3.0:lintAnalyzeDebugUnitTest
> Task :nga_phone_base_3.0:lintAnalyzeDebug

> Task :nga_phone_base_3.0:lintReportDebug
Wrote HTML report to file:///home/toph/nga-just-works-upstream-adoption/nga_phone_base_3.0/build/reports/lint-results-debug.html

> Task :nga_phone_base_3.0:lintDebug
[Incubating] Problems report is available at: file:///home/toph/nga-just-works-upstream-adoption/build/reports/problems/problems-report.html

BUILD SUCCESSFUL in 1m 19s
538 actionable tasks: 538 executed
