
> Configure project :lib_base_common
WARNING: The option setting 'android.defaults.buildfeatures.buildconfig=true' is deprecated.
The current default is 'false'.
It will be removed in version 10.0 of the Android Gradle plugin.
To keep using this feature, add the following to your module-level build.gradle files:
    android.buildFeatures.buildConfig = true
or from Android Studio, click: `Refactor` > `Migrate BuildConfig to Gradle Build Files`.

> Configure project :nga_phone_base_3.0
WARNING: DSL element 'isRenderscriptDebuggable' is obsolete and should be removed.
It will be removed in version 9.0 of the Android Gradle plugin.
U4_TASK :lib_base_common:checkKotlinGradlePluginConfigurationErrors
U4_TASK :lib_base_common:preBuild
U4_TASK :lib_base_common:preReleaseBuild
U4_TASK :lib_base_common:generateReleaseBuildConfig
U4_TASK :lib_base_common:generateReleaseResValues
U4_TASK :lib_base_common:generateReleaseResources
U4_TASK :lib_base_common:packageReleaseResources
U4_TASK :lib_base_common:parseReleaseLocalResources
U4_TASK :lib_base_common:generateReleaseRFile
U4_TASK :lib_base_common:compileReleaseKotlin
U4_TASK :lib_base_common:javaPreCompileRelease
U4_TASK :lib_base_common:compileReleaseJavaWithJavac
U4_TASK :lib_base_common:bundleLibCompileToJarRelease
U4_TASK :lib_base_logger:preBuild
U4_TASK :lib_base_logger:preReleaseBuild
U4_TASK :lib_base_logger:generateReleaseBuildConfig
U4_TASK :lib_base_logger:generateReleaseResValues
U4_TASK :lib_base_logger:generateReleaseResources
U4_TASK :lib_base_logger:packageReleaseResources
U4_TASK :lib_base_logger:parseReleaseLocalResources
U4_TASK :lib_base_logger:generateReleaseRFile
U4_TASK :lib_base_logger:javaPreCompileRelease
U4_TASK :lib_base_logger:compileReleaseJavaWithJavac
U4_TASK :lib_base_logger:bundleLibCompileToJarRelease
U4_TASK :lib_base_network:checkKotlinGradlePluginConfigurationErrors
U4_TASK :lib_base_network:preBuild
U4_TASK :lib_base_network:preReleaseBuild
U4_TASK :lib_base_network:generateReleaseBuildConfig
U4_TASK :lib_base_network:generateReleaseResValues
U4_TASK :lib_base_network:generateReleaseResources
U4_TASK :lib_base_network:packageReleaseResources
U4_TASK :lib_base_network:parseReleaseLocalResources
U4_TASK :lib_base_network:generateReleaseRFile
U4_TASK :lib_base_network:compileReleaseKotlin
U4_TASK :lib_base_network:javaPreCompileRelease
U4_TASK :lib_base_network:compileReleaseJavaWithJavac
U4_TASK :lib_base_network:bundleLibCompileToJarRelease
U4_TASK :lib_base_service_api:checkKotlinGradlePluginConfigurationErrors
U4_TASK :lib_base_service_api:preBuild
U4_TASK :lib_base_service_api:preReleaseBuild
U4_TASK :lib_base_service_api:generateReleaseBuildConfig
U4_TASK :lib_base_service_api:generateReleaseResValues
U4_TASK :lib_base_service_api:generateReleaseResources
U4_TASK :lib_base_service_api:packageReleaseResources
U4_TASK :lib_base_service_api:parseReleaseLocalResources
U4_TASK :lib_base_service_api:generateReleaseRFile
U4_TASK :lib_base_service_api:compileReleaseKotlin
U4_TASK :lib_base_service_api:javaPreCompileRelease
U4_TASK :lib_base_service_api:compileReleaseJavaWithJavac
U4_TASK :lib_base_service_api:bundleLibCompileToJarRelease
U4_TASK :lib_base_ui:checkKotlinGradlePluginConfigurationErrors
U4_TASK :lib_base_ui:preBuild
U4_TASK :lib_base_ui:preReleaseBuild
U4_TASK :lib_base_ui:generateReleaseBuildConfig
U4_TASK :lib_base_ui:generateReleaseResValues
U4_TASK :lib_base_ui:generateReleaseResources
U4_TASK :lib_base_ui:packageReleaseResources
U4_TASK :lib_base_ui:parseReleaseLocalResources
U4_TASK :lib_base_ui:generateReleaseRFile
U4_TASK :lib_base_ui:kaptGenerateStubsReleaseKotlin
U4_TASK :lib_base_ui:kaptReleaseKotlin
U4_TASK :lib_base_ui:compileReleaseKotlin
U4_TASK :lib_base_ui:javaPreCompileRelease
U4_TASK :lib_base_ui:compileReleaseJavaWithJavac
U4_TASK :lib_base_ui:bundleLibCompileToJarRelease
U4_TASK :lib_base_ui_compose:checkKotlinGradlePluginConfigurationErrors
U4_TASK :lib_base_ui_compose:preBuild
U4_TASK :lib_base_ui_compose:preReleaseBuild
U4_TASK :lib_base_ui_compose:generateReleaseBuildConfig
U4_TASK :lib_base_ui_compose:generateReleaseResValues
U4_TASK :lib_base_ui_compose:generateReleaseResources
U4_TASK :lib_base_ui_compose:packageReleaseResources
U4_TASK :lib_base_ui_compose:parseReleaseLocalResources
U4_TASK :lib_base_ui_compose:generateReleaseRFile
U4_TASK :lib_base_ui_compose:compileReleaseKotlin
U4_TASK :lib_base_ui_compose:javaPreCompileRelease
U4_TASK :lib_base_ui_compose:compileReleaseJavaWithJavac
U4_TASK :lib_base_ui_compose:bundleLibCompileToJarRelease
U4_TASK :lib_bu_account:checkKotlinGradlePluginConfigurationErrors
U4_TASK :lib_bu_account:preBuild
U4_TASK :lib_bu_account:preReleaseBuild
U4_TASK :lib_bu_account:generateReleaseBuildConfig
U4_TASK :lib_bu_account:generateReleaseResValues
U4_TASK :lib_bu_account:generateReleaseResources
U4_TASK :lib_bu_account:packageReleaseResources
U4_TASK :lib_bu_account:parseReleaseLocalResources
U4_TASK :lib_bu_account:generateReleaseRFile
U4_TASK :lib_bu_account:kaptGenerateStubsReleaseKotlin
U4_TASK :lib_bu_account:kaptReleaseKotlin
U4_TASK :lib_bu_account:compileReleaseKotlin
U4_TASK :lib_bu_account:javaPreCompileRelease
U4_TASK :lib_bu_account:compileReleaseJavaWithJavac
U4_TASK :lib_bu_account:bundleLibCompileToJarRelease
U4_TASK :lib_bu_message:checkKotlinGradlePluginConfigurationErrors
U4_TASK :lib_bu_message:preBuild
U4_TASK :lib_bu_message:preReleaseBuild
U4_TASK :lib_bu_message:generateReleaseBuildConfig
U4_TASK :lib_bu_message:generateReleaseResValues
U4_TASK :lib_bu_message:generateReleaseResources
U4_TASK :lib_bu_message:packageReleaseResources
U4_TASK :lib_bu_message:parseReleaseLocalResources
U4_TASK :lib_bu_message:generateReleaseRFile
U4_TASK :lib_core_data:checkKotlinGradlePluginConfigurationErrors
U4_TASK :lib_core_data:preBuild
U4_TASK :lib_core_data:preReleaseBuild
U4_TASK :lib_core_data:generateReleaseBuildConfig
U4_TASK :lib_core_data:generateReleaseResValues
U4_TASK :lib_core_data:generateReleaseResources
U4_TASK :lib_core_data:packageReleaseResources
U4_TASK :lib_core_data:parseReleaseLocalResources
U4_TASK :lib_core_data:generateReleaseRFile
U4_TASK :lib_core_data:compileReleaseKotlin
U4_TASK :lib_core_data:javaPreCompileRelease
U4_TASK :lib_core_data:compileReleaseJavaWithJavac
U4_TASK :lib_core_data:bundleLibCompileToJarRelease
U4_TASK :lib_bu_message:kaptGenerateStubsReleaseKotlin
U4_TASK :lib_bu_message:kaptReleaseKotlin
U4_TASK :lib_bu_message:compileReleaseKotlin
U4_TASK :lib_bu_message:javaPreCompileRelease
U4_TASK :lib_bu_message:compileReleaseJavaWithJavac
U4_TASK :lib_bu_message:bundleLibCompileToJarRelease
U4_TASK :lib_bu_statistics:preBuild
U4_TASK :lib_bu_statistics:preReleaseBuild
U4_TASK :lib_bu_statistics:generateReleaseBuildConfig
U4_TASK :lib_bu_statistics:generateReleaseResValues
U4_TASK :lib_bu_statistics:generateReleaseResources
U4_TASK :lib_bu_statistics:packageReleaseResources
U4_TASK :lib_bu_statistics:parseReleaseLocalResources
U4_TASK :lib_bu_statistics:generateReleaseRFile
U4_TASK :lib_bu_statistics:javaPreCompileRelease
U4_TASK :lib_bu_statistics:compileReleaseJavaWithJavac
U4_TASK :lib_bu_statistics:bundleLibCompileToJarRelease
U4_TASK :lib_core:checkKotlinGradlePluginConfigurationErrors
U4_TASK :lib_core:preBuild
U4_TASK :lib_core:preReleaseBuild
U4_TASK :lib_core:generateReleaseBuildConfig
U4_TASK :lib_core:generateReleaseResValues
U4_TASK :lib_core:generateReleaseResources
U4_TASK :lib_core:packageReleaseResources
U4_TASK :lib_core:parseReleaseLocalResources
U4_TASK :lib_core:generateReleaseRFile
U4_TASK :lib_core:compileReleaseKotlin
U4_TASK :lib_core:javaPreCompileRelease
U4_TASK :lib_core:compileReleaseJavaWithJavac
U4_TASK :lib_core:bundleLibCompileToJarRelease
U4_TASK :lib_module_debug:checkKotlinGradlePluginConfigurationErrors
U4_TASK :lib_module_debug:preBuild
U4_TASK :lib_module_debug:preReleaseBuild
U4_TASK :lib_module_debug:generateReleaseBuildConfig
U4_TASK :lib_module_debug:generateReleaseResValues
U4_TASK :lib_module_debug:generateReleaseResources
U4_TASK :lib_module_debug:packageReleaseResources
U4_TASK :lib_module_debug:parseReleaseLocalResources
U4_TASK :lib_module_debug:generateReleaseRFile
U4_TASK :lib_module_debug:kaptGenerateStubsReleaseKotlin
U4_TASK :lib_module_debug:kaptReleaseKotlin
U4_TASK :lib_module_debug:compileReleaseKotlin
U4_TASK :lib_module_debug:javaPreCompileRelease
U4_TASK :lib_module_debug:compileReleaseJavaWithJavac
U4_TASK :lib_module_debug:bundleLibCompileToJarRelease
U4_TASK :nga_phone_base_3.0:checkKotlinGradlePluginConfigurationErrors
U4_TASK :nga_phone_base_3.0:preBuild
U4_TASK :nga_phone_base_3.0:prePreviewBuild
U4_TASK :nga_phone_base_3.0:generatePreviewBuildConfig
U4_TASK :lib_base_common:compileReleaseLibraryResources
U4_TASK :lib_base_logger:compileReleaseLibraryResources
U4_TASK :lib_base_network:compileReleaseLibraryResources
U4_TASK :lib_base_service_api:compileReleaseLibraryResources
U4_TASK :lib_base_ui:compileReleaseLibraryResources
U4_TASK :lib_base_ui_compose:compileReleaseLibraryResources
U4_TASK :lib_bu_account:compileReleaseLibraryResources
U4_TASK :lib_bu_message:compileReleaseLibraryResources
U4_TASK :lib_bu_statistics:compileReleaseLibraryResources
U4_TASK :lib_core:compileReleaseLibraryResources
U4_TASK :lib_core_data:compileReleaseLibraryResources
U4_TASK :lib_module_debug:compileReleaseLibraryResources
U4_TASK :lib_base_common:writeReleaseAarMetadata
U4_TASK :lib_base_logger:writeReleaseAarMetadata
U4_TASK :lib_base_network:writeReleaseAarMetadata
U4_TASK :lib_base_service_api:writeReleaseAarMetadata
U4_TASK :lib_base_ui:writeReleaseAarMetadata
U4_TASK :lib_base_ui_compose:writeReleaseAarMetadata
U4_TASK :lib_bu_account:writeReleaseAarMetadata
U4_TASK :lib_bu_message:writeReleaseAarMetadata
U4_TASK :lib_bu_statistics:writeReleaseAarMetadata
U4_TASK :lib_core:writeReleaseAarMetadata
U4_TASK :lib_core_data:writeReleaseAarMetadata
U4_TASK :lib_module_debug:writeReleaseAarMetadata
U4_TASK :nga_phone_base_3.0:checkPreviewAarMetadata
U4_TASK :nga_phone_base_3.0:generatePreviewResValues
U4_TASK :nga_phone_base_3.0:mapPreviewSourceSetPaths
U4_TASK :nga_phone_base_3.0:generatePreviewResources
U4_TASK :nga_phone_base_3.0:mergePreviewResources
U4_TASK :nga_phone_base_3.0:packagePreviewResources
U4_TASK :nga_phone_base_3.0:parsePreviewLocalResources
U4_TASK :nga_phone_base_3.0:createPreviewCompatibleScreenManifests
U4_TASK :lib_base_common:extractDeepLinksRelease
U4_TASK :lib_base_common:processReleaseManifest
U4_TASK :lib_base_logger:extractDeepLinksRelease
U4_TASK :lib_base_logger:processReleaseManifest
U4_TASK :lib_base_network:extractDeepLinksRelease
U4_TASK :lib_base_network:processReleaseManifest
U4_TASK :lib_base_service_api:extractDeepLinksRelease
U4_TASK :lib_base_service_api:processReleaseManifest
U4_TASK :lib_base_ui:extractDeepLinksRelease
U4_TASK :lib_base_ui:processReleaseManifest
U4_TASK :lib_base_ui_compose:extractDeepLinksRelease
U4_TASK :lib_base_ui_compose:processReleaseManifest
U4_TASK :lib_bu_account:extractDeepLinksRelease
U4_TASK :lib_bu_account:processReleaseManifest
U4_TASK :lib_bu_message:extractDeepLinksRelease
U4_TASK :lib_bu_message:processReleaseManifest
U4_TASK :lib_bu_statistics:extractDeepLinksRelease
U4_TASK :lib_bu_statistics:processReleaseManifest
U4_TASK :lib_core:extractDeepLinksRelease
U4_TASK :lib_core:processReleaseManifest
U4_TASK :lib_core_data:extractDeepLinksRelease
U4_TASK :lib_core_data:processReleaseManifest
U4_TASK :lib_module_debug:extractDeepLinksRelease
U4_TASK :lib_module_debug:processReleaseManifest
U4_TASK :nga_phone_base_3.0:extractDeepLinksPreview
U4_TASK :nga_phone_base_3.0:processPreviewMainManifest
U4_TASK :nga_phone_base_3.0:processPreviewManifest
U4_TASK :nga_phone_base_3.0:processPreviewManifestForPackage
U4_TASK :nga_phone_base_3.0:processPreviewResources
U4_TASK :nga_phone_base_3.0:kaptGenerateStubsPreviewKotlin
U4_TASK :nga_phone_base_3.0:kaptPreviewKotlin
U4_TASK :nga_phone_base_3.0:compilePreviewKotlin
U4_TASK :nga_phone_base_3.0:javaPreCompilePreview
U4_TASK :nga_phone_base_3.0:compilePreviewJavaWithJavac
:lib_base_common:checkKotlinGradlePluginConfigurationErrors SKIPPED
:lib_base_common:preBuild SKIPPED
:lib_base_common:preReleaseBuild SKIPPED
:lib_base_common:generateReleaseBuildConfig SKIPPED
:lib_base_common:generateReleaseResValues SKIPPED
:lib_base_common:generateReleaseResources SKIPPED
:lib_base_common:packageReleaseResources SKIPPED
:lib_base_common:parseReleaseLocalResources SKIPPED
:lib_base_common:generateReleaseRFile SKIPPED
:lib_base_common:compileReleaseKotlin SKIPPED
:lib_base_common:javaPreCompileRelease SKIPPED
:lib_base_common:compileReleaseJavaWithJavac SKIPPED
:lib_base_common:bundleLibCompileToJarRelease SKIPPED
:lib_base_logger:preBuild SKIPPED
:lib_base_logger:preReleaseBuild SKIPPED
:lib_base_logger:generateReleaseBuildConfig SKIPPED
:lib_base_logger:generateReleaseResValues SKIPPED
:lib_base_logger:generateReleaseResources SKIPPED
:lib_base_logger:packageReleaseResources SKIPPED
:lib_base_logger:parseReleaseLocalResources SKIPPED
:lib_base_logger:generateReleaseRFile SKIPPED
:lib_base_logger:javaPreCompileRelease SKIPPED
:lib_base_logger:compileReleaseJavaWithJavac SKIPPED
:lib_base_logger:bundleLibCompileToJarRelease SKIPPED
:lib_base_network:checkKotlinGradlePluginConfigurationErrors SKIPPED
:lib_base_network:preBuild SKIPPED
:lib_base_network:preReleaseBuild SKIPPED
:lib_base_network:generateReleaseBuildConfig SKIPPED
:lib_base_network:generateReleaseResValues SKIPPED
:lib_base_network:generateReleaseResources SKIPPED
:lib_base_network:packageReleaseResources SKIPPED
:lib_base_network:parseReleaseLocalResources SKIPPED
:lib_base_network:generateReleaseRFile SKIPPED
:lib_base_network:compileReleaseKotlin SKIPPED
:lib_base_network:javaPreCompileRelease SKIPPED
:lib_base_network:compileReleaseJavaWithJavac SKIPPED
:lib_base_network:bundleLibCompileToJarRelease SKIPPED
:lib_base_service_api:checkKotlinGradlePluginConfigurationErrors SKIPPED
:lib_base_service_api:preBuild SKIPPED
:lib_base_service_api:preReleaseBuild SKIPPED
:lib_base_service_api:generateReleaseBuildConfig SKIPPED
:lib_base_service_api:generateReleaseResValues SKIPPED
:lib_base_service_api:generateReleaseResources SKIPPED
:lib_base_service_api:packageReleaseResources SKIPPED
:lib_base_service_api:parseReleaseLocalResources SKIPPED
:lib_base_service_api:generateReleaseRFile SKIPPED
:lib_base_service_api:compileReleaseKotlin SKIPPED
:lib_base_service_api:javaPreCompileRelease SKIPPED
:lib_base_service_api:compileReleaseJavaWithJavac SKIPPED
:lib_base_service_api:bundleLibCompileToJarRelease SKIPPED
:lib_base_ui:checkKotlinGradlePluginConfigurationErrors SKIPPED
:lib_base_ui:preBuild SKIPPED
:lib_base_ui:preReleaseBuild SKIPPED
:lib_base_ui:generateReleaseBuildConfig SKIPPED
:lib_base_ui:generateReleaseResValues SKIPPED
:lib_base_ui:generateReleaseResources SKIPPED
:lib_base_ui:packageReleaseResources SKIPPED
:lib_base_ui:parseReleaseLocalResources SKIPPED
:lib_base_ui:generateReleaseRFile SKIPPED
:lib_base_ui:kaptGenerateStubsReleaseKotlin SKIPPED
:lib_base_ui:kaptReleaseKotlin SKIPPED
:lib_base_ui:compileReleaseKotlin SKIPPED
:lib_base_ui:javaPreCompileRelease SKIPPED
:lib_base_ui:compileReleaseJavaWithJavac SKIPPED
:lib_base_ui:bundleLibCompileToJarRelease SKIPPED
:lib_base_ui_compose:checkKotlinGradlePluginConfigurationErrors SKIPPED
:lib_base_ui_compose:preBuild SKIPPED
:lib_base_ui_compose:preReleaseBuild SKIPPED
:lib_base_ui_compose:generateReleaseBuildConfig SKIPPED
:lib_base_ui_compose:generateReleaseResValues SKIPPED
:lib_base_ui_compose:generateReleaseResources SKIPPED
:lib_base_ui_compose:packageReleaseResources SKIPPED
:lib_base_ui_compose:parseReleaseLocalResources SKIPPED
:lib_base_ui_compose:generateReleaseRFile SKIPPED
:lib_base_ui_compose:compileReleaseKotlin SKIPPED
:lib_base_ui_compose:javaPreCompileRelease SKIPPED
:lib_base_ui_compose:compileReleaseJavaWithJavac SKIPPED
:lib_base_ui_compose:bundleLibCompileToJarRelease SKIPPED
:lib_bu_account:checkKotlinGradlePluginConfigurationErrors SKIPPED
:lib_bu_account:preBuild SKIPPED
:lib_bu_account:preReleaseBuild SKIPPED
:lib_bu_account:generateReleaseBuildConfig SKIPPED
:lib_bu_account:generateReleaseResValues SKIPPED
:lib_bu_account:generateReleaseResources SKIPPED
:lib_bu_account:packageReleaseResources SKIPPED
:lib_bu_account:parseReleaseLocalResources SKIPPED
:lib_bu_account:generateReleaseRFile SKIPPED
:lib_bu_account:kaptGenerateStubsReleaseKotlin SKIPPED
:lib_bu_account:kaptReleaseKotlin SKIPPED
:lib_bu_account:compileReleaseKotlin SKIPPED
:lib_bu_account:javaPreCompileRelease SKIPPED
:lib_bu_account:compileReleaseJavaWithJavac SKIPPED
:lib_bu_account:bundleLibCompileToJarRelease SKIPPED
:lib_bu_message:checkKotlinGradlePluginConfigurationErrors SKIPPED
:lib_bu_message:preBuild SKIPPED
:lib_bu_message:preReleaseBuild SKIPPED
:lib_bu_message:generateReleaseBuildConfig SKIPPED
:lib_bu_message:generateReleaseResValues SKIPPED
:lib_bu_message:generateReleaseResources SKIPPED
:lib_bu_message:packageReleaseResources SKIPPED
:lib_bu_message:parseReleaseLocalResources SKIPPED
:lib_bu_message:generateReleaseRFile SKIPPED
:lib_core_data:checkKotlinGradlePluginConfigurationErrors SKIPPED
:lib_core_data:preBuild SKIPPED
:lib_core_data:preReleaseBuild SKIPPED
:lib_core_data:generateReleaseBuildConfig SKIPPED
:lib_core_data:generateReleaseResValues SKIPPED
:lib_core_data:generateReleaseResources SKIPPED
:lib_core_data:packageReleaseResources SKIPPED
:lib_core_data:parseReleaseLocalResources SKIPPED
:lib_core_data:generateReleaseRFile SKIPPED
:lib_core_data:compileReleaseKotlin SKIPPED
:lib_core_data:javaPreCompileRelease SKIPPED
:lib_core_data:compileReleaseJavaWithJavac SKIPPED
:lib_core_data:bundleLibCompileToJarRelease SKIPPED
:lib_bu_message:kaptGenerateStubsReleaseKotlin SKIPPED
:lib_bu_message:kaptReleaseKotlin SKIPPED
:lib_bu_message:compileReleaseKotlin SKIPPED
:lib_bu_message:javaPreCompileRelease SKIPPED
:lib_bu_message:compileReleaseJavaWithJavac SKIPPED
:lib_bu_message:bundleLibCompileToJarRelease SKIPPED
:lib_bu_statistics:preBuild SKIPPED
:lib_bu_statistics:preReleaseBuild SKIPPED
:lib_bu_statistics:generateReleaseBuildConfig SKIPPED
:lib_bu_statistics:generateReleaseResValues SKIPPED
:lib_bu_statistics:generateReleaseResources SKIPPED
:lib_bu_statistics:packageReleaseResources SKIPPED
:lib_bu_statistics:parseReleaseLocalResources SKIPPED
:lib_bu_statistics:generateReleaseRFile SKIPPED
:lib_bu_statistics:javaPreCompileRelease SKIPPED
:lib_bu_statistics:compileReleaseJavaWithJavac SKIPPED
:lib_bu_statistics:bundleLibCompileToJarRelease SKIPPED
:lib_core:checkKotlinGradlePluginConfigurationErrors SKIPPED
:lib_core:preBuild SKIPPED
:lib_core:preReleaseBuild SKIPPED
:lib_core:generateReleaseBuildConfig SKIPPED
:lib_core:generateReleaseResValues SKIPPED
:lib_core:generateReleaseResources SKIPPED
:lib_core:packageReleaseResources SKIPPED
:lib_core:parseReleaseLocalResources SKIPPED
:lib_core:generateReleaseRFile SKIPPED
:lib_core:compileReleaseKotlin SKIPPED
:lib_core:javaPreCompileRelease SKIPPED
:lib_core:compileReleaseJavaWithJavac SKIPPED
:lib_core:bundleLibCompileToJarRelease SKIPPED
:lib_module_debug:checkKotlinGradlePluginConfigurationErrors SKIPPED
:lib_module_debug:preBuild SKIPPED
:lib_module_debug:preReleaseBuild SKIPPED
:lib_module_debug:generateReleaseBuildConfig SKIPPED
:lib_module_debug:generateReleaseResValues SKIPPED
:lib_module_debug:generateReleaseResources SKIPPED
:lib_module_debug:packageReleaseResources SKIPPED
:lib_module_debug:parseReleaseLocalResources SKIPPED
:lib_module_debug:generateReleaseRFile SKIPPED
:lib_module_debug:kaptGenerateStubsReleaseKotlin SKIPPED
:lib_module_debug:kaptReleaseKotlin SKIPPED
:lib_module_debug:compileReleaseKotlin SKIPPED
:lib_module_debug:javaPreCompileRelease SKIPPED
:lib_module_debug:compileReleaseJavaWithJavac SKIPPED
:lib_module_debug:bundleLibCompileToJarRelease SKIPPED
:nga_phone_base_3.0:checkKotlinGradlePluginConfigurationErrors SKIPPED
:nga_phone_base_3.0:preBuild SKIPPED
:nga_phone_base_3.0:prePreviewBuild SKIPPED
:nga_phone_base_3.0:generatePreviewBuildConfig SKIPPED
:lib_base_common:compileReleaseLibraryResources SKIPPED
:lib_base_logger:compileReleaseLibraryResources SKIPPED
:lib_base_network:compileReleaseLibraryResources SKIPPED
:lib_base_service_api:compileReleaseLibraryResources SKIPPED
:lib_base_ui:compileReleaseLibraryResources SKIPPED
:lib_base_ui_compose:compileReleaseLibraryResources SKIPPED
:lib_bu_account:compileReleaseLibraryResources SKIPPED
:lib_bu_message:compileReleaseLibraryResources SKIPPED
:lib_bu_statistics:compileReleaseLibraryResources SKIPPED
:lib_core:compileReleaseLibraryResources SKIPPED
:lib_core_data:compileReleaseLibraryResources SKIPPED
:lib_module_debug:compileReleaseLibraryResources SKIPPED
:lib_base_common:writeReleaseAarMetadata SKIPPED
:lib_base_logger:writeReleaseAarMetadata SKIPPED
:lib_base_network:writeReleaseAarMetadata SKIPPED
:lib_base_service_api:writeReleaseAarMetadata SKIPPED
:lib_base_ui:writeReleaseAarMetadata SKIPPED
:lib_base_ui_compose:writeReleaseAarMetadata SKIPPED
:lib_bu_account:writeReleaseAarMetadata SKIPPED
:lib_bu_message:writeReleaseAarMetadata SKIPPED
:lib_bu_statistics:writeReleaseAarMetadata SKIPPED
:lib_core:writeReleaseAarMetadata SKIPPED
:lib_core_data:writeReleaseAarMetadata SKIPPED
:lib_module_debug:writeReleaseAarMetadata SKIPPED
:nga_phone_base_3.0:checkPreviewAarMetadata SKIPPED
:nga_phone_base_3.0:generatePreviewResValues SKIPPED
:nga_phone_base_3.0:mapPreviewSourceSetPaths SKIPPED
:nga_phone_base_3.0:generatePreviewResources SKIPPED
:nga_phone_base_3.0:mergePreviewResources SKIPPED
:nga_phone_base_3.0:packagePreviewResources SKIPPED
:nga_phone_base_3.0:parsePreviewLocalResources SKIPPED
:nga_phone_base_3.0:createPreviewCompatibleScreenManifests SKIPPED
:lib_base_common:extractDeepLinksRelease SKIPPED
:lib_base_common:processReleaseManifest SKIPPED
:lib_base_logger:extractDeepLinksRelease SKIPPED
:lib_base_logger:processReleaseManifest SKIPPED
:lib_base_network:extractDeepLinksRelease SKIPPED
:lib_base_network:processReleaseManifest SKIPPED
:lib_base_service_api:extractDeepLinksRelease SKIPPED
:lib_base_service_api:processReleaseManifest SKIPPED
:lib_base_ui:extractDeepLinksRelease SKIPPED
:lib_base_ui:processReleaseManifest SKIPPED
:lib_base_ui_compose:extractDeepLinksRelease SKIPPED
:lib_base_ui_compose:processReleaseManifest SKIPPED
:lib_bu_account:extractDeepLinksRelease SKIPPED
:lib_bu_account:processReleaseManifest SKIPPED
:lib_bu_message:extractDeepLinksRelease SKIPPED
:lib_bu_message:processReleaseManifest SKIPPED
:lib_bu_statistics:extractDeepLinksRelease SKIPPED
:lib_bu_statistics:processReleaseManifest SKIPPED
:lib_core:extractDeepLinksRelease SKIPPED
:lib_core:processReleaseManifest SKIPPED
:lib_core_data:extractDeepLinksRelease SKIPPED
:lib_core_data:processReleaseManifest SKIPPED
:lib_module_debug:extractDeepLinksRelease SKIPPED
:lib_module_debug:processReleaseManifest SKIPPED
:nga_phone_base_3.0:extractDeepLinksPreview SKIPPED
:nga_phone_base_3.0:processPreviewMainManifest SKIPPED
:nga_phone_base_3.0:processPreviewManifest SKIPPED
:nga_phone_base_3.0:processPreviewManifestForPackage SKIPPED
:nga_phone_base_3.0:processPreviewResources SKIPPED
:nga_phone_base_3.0:kaptGenerateStubsPreviewKotlin SKIPPED
:nga_phone_base_3.0:kaptPreviewKotlin SKIPPED
:nga_phone_base_3.0:compilePreviewKotlin SKIPPED
:nga_phone_base_3.0:javaPreCompilePreview SKIPPED
:nga_phone_base_3.0:compilePreviewJavaWithJavac SKIPPED

BUILD SUCCESSFUL in 1s
