
> Configure project :lib_base_common
WARNING: The option setting 'android.defaults.buildfeatures.buildconfig=true' is deprecated.
The current default is 'false'.
It will be removed in version 10.0 of the Android Gradle plugin.
To keep using this feature, add the following to your module-level build.gradle files:
    android.buildFeatures.buildConfig = true
or from Android Studio, click: `Refactor` > `Migrate BuildConfig to Gradle Build Files`.

> Configure project :nga_phone_base_3.0
WARNING: DSL element 'isRenderscriptDebuggable' is obsolete and should be removed.
It will be removed in version 9.0 of the Android Gradle plugin.
U4_TASK :lib_base_common:checkKotlinGradlePluginConfigurationErrors
U4_TASK :lib_base_common:preBuild
U4_TASK :lib_base_common:preReleaseBuild
U4_TASK :lib_base_common:generateReleaseBuildConfig
U4_TASK :lib_base_common:generateReleaseResValues
U4_TASK :lib_base_common:generateReleaseResources
U4_TASK :lib_base_common:packageReleaseResources
U4_TASK :lib_base_common:parseReleaseLocalResources
U4_TASK :lib_base_common:generateReleaseRFile
U4_TASK :lib_base_common:compileReleaseKotlin
U4_TASK :lib_base_common:javaPreCompileRelease
U4_TASK :lib_base_common:compileReleaseJavaWithJavac
U4_TASK :lib_base_common:bundleLibCompileToJarRelease
U4_TASK :lib_base_logger:preBuild
U4_TASK :lib_base_logger:preReleaseBuild
U4_TASK :lib_base_logger:generateReleaseBuildConfig
U4_TASK :lib_base_logger:generateReleaseResValues
U4_TASK :lib_base_logger:generateReleaseResources
U4_TASK :lib_base_logger:packageReleaseResources
U4_TASK :lib_base_logger:parseReleaseLocalResources
U4_TASK :lib_base_logger:generateReleaseRFile
U4_TASK :lib_base_logger:javaPreCompileRelease
U4_TASK :lib_base_logger:compileReleaseJavaWithJavac
U4_TASK :lib_base_logger:bundleLibCompileToJarRelease
U4_TASK :lib_base_network:checkKotlinGradlePluginConfigurationErrors
U4_TASK :lib_base_network:preBuild
U4_TASK :lib_base_network:preReleaseBuild
U4_TASK :lib_base_network:generateReleaseBuildConfig
U4_TASK :lib_base_network:generateReleaseResValues
U4_TASK :lib_base_network:generateReleaseResources
U4_TASK :lib_base_network:packageReleaseResources
U4_TASK :lib_base_network:parseReleaseLocalResources
U4_TASK :lib_base_network:generateReleaseRFile
U4_TASK :lib_base_network:compileReleaseKotlin
U4_TASK :lib_base_network:javaPreCompileRelease
U4_TASK :lib_base_network:compileReleaseJavaWithJavac
U4_TASK :lib_base_network:bundleLibCompileToJarRelease
U4_TASK :lib_base_service_api:checkKotlinGradlePluginConfigurationErrors
U4_TASK :lib_base_service_api:preBuild
U4_TASK :lib_base_service_api:preReleaseBuild
U4_TASK :lib_base_service_api:generateReleaseBuildConfig
U4_TASK :lib_base_service_api:generateReleaseResValues
U4_TASK :lib_base_service_api:generateReleaseResources
U4_TASK :lib_base_service_api:packageReleaseResources
U4_TASK :lib_base_service_api:parseReleaseLocalResources
U4_TASK :lib_base_service_api:generateReleaseRFile
U4_TASK :lib_base_service_api:compileReleaseKotlin
U4_TASK :lib_base_service_api:javaPreCompileRelease
U4_TASK :lib_base_service_api:compileReleaseJavaWithJavac
U4_TASK :lib_base_service_api:bundleLibCompileToJarRelease
U4_TASK :lib_base_ui:checkKotlinGradlePluginConfigurationErrors
U4_TASK :lib_base_ui:preBuild
U4_TASK :lib_base_ui:preReleaseBuild
U4_TASK :lib_base_ui:generateReleaseBuildConfig
U4_TASK :lib_base_ui:generateReleaseResValues
U4_TASK :lib_base_ui:generateReleaseResources
U4_TASK :lib_base_ui:packageReleaseResources
U4_TASK :lib_base_ui:parseReleaseLocalResources
U4_TASK :lib_base_ui:generateReleaseRFile
U4_TASK :lib_base_ui:kaptGenerateStubsReleaseKotlin
U4_TASK :lib_base_ui:kaptReleaseKotlin
U4_TASK :lib_base_ui:compileReleaseKotlin
U4_TASK :lib_base_ui:javaPreCompileRelease
U4_TASK :lib_base_ui:compileReleaseJavaWithJavac
U4_TASK :lib_base_ui:bundleLibCompileToJarRelease
U4_TASK :lib_base_ui_compose:checkKotlinGradlePluginConfigurationErrors
U4_TASK :lib_base_ui_compose:preBuild
U4_TASK :lib_base_ui_compose:preReleaseBuild
U4_TASK :lib_base_ui_compose:generateReleaseBuildConfig
U4_TASK :lib_base_ui_compose:generateReleaseResValues
U4_TASK :lib_base_ui_compose:generateReleaseResources
U4_TASK :lib_base_ui_compose:packageReleaseResources
U4_TASK :lib_base_ui_compose:parseReleaseLocalResources
U4_TASK :lib_base_ui_compose:generateReleaseRFile
U4_TASK :lib_base_ui_compose:compileReleaseKotlin
U4_TASK :lib_base_ui_compose:javaPreCompileRelease
U4_TASK :lib_base_ui_compose:compileReleaseJavaWithJavac
U4_TASK :lib_base_ui_compose:bundleLibCompileToJarRelease
U4_TASK :lib_bu_account:checkKotlinGradlePluginConfigurationErrors
U4_TASK :lib_bu_account:preBuild
U4_TASK :lib_bu_account:preReleaseBuild
U4_TASK :lib_bu_account:generateReleaseBuildConfig
U4_TASK :lib_bu_account:generateReleaseResValues
U4_TASK :lib_bu_account:generateReleaseResources
U4_TASK :lib_bu_account:packageReleaseResources
U4_TASK :lib_bu_account:parseReleaseLocalResources
U4_TASK :lib_bu_account:generateReleaseRFile
U4_TASK :lib_bu_account:kaptGenerateStubsReleaseKotlin
U4_TASK :lib_bu_account:kaptReleaseKotlin
U4_TASK :lib_bu_account:compileReleaseKotlin
U4_TASK :lib_bu_account:javaPreCompileRelease
U4_TASK :lib_bu_account:compileReleaseJavaWithJavac
U4_TASK :lib_bu_account:bundleLibCompileToJarRelease
U4_TASK :lib_bu_message:checkKotlinGradlePluginConfigurationErrors
U4_TASK :lib_bu_message:preBuild
U4_TASK :lib_bu_message:preReleaseBuild
U4_TASK :lib_bu_message:generateReleaseBuildConfig
U4_TASK :lib_bu_message:generateReleaseResValues
U4_TASK :lib_bu_message:generateReleaseResources
U4_TASK :lib_bu_message:packageReleaseResources
U4_TASK :lib_bu_message:parseReleaseLocalResources
U4_TASK :lib_bu_message:generateReleaseRFile
U4_TASK :lib_core_data:checkKotlinGradlePluginConfigurationErrors
U4_TASK :lib_core_data:preBuild
U4_TASK :lib_core_data:preReleaseBuild
U4_TASK :lib_core_data:generateReleaseBuildConfig
U4_TASK :lib_core_data:generateReleaseResValues
U4_TASK :lib_core_data:generateReleaseResources
U4_TASK :lib_core_data:packageReleaseResources
U4_TASK :lib_core_data:parseReleaseLocalResources
U4_TASK :lib_core_data:generateReleaseRFile
U4_TASK :lib_core_data:compileReleaseKotlin
U4_TASK :lib_core_data:javaPreCompileRelease
U4_TASK :lib_core_data:compileReleaseJavaWithJavac
U4_TASK :lib_core_data:bundleLibCompileToJarRelease
U4_TASK :lib_bu_message:kaptGenerateStubsReleaseKotlin
U4_TASK :lib_bu_message:kaptReleaseKotlin
U4_TASK :lib_bu_message:compileReleaseKotlin
U4_TASK :lib_bu_message:javaPreCompileRelease
U4_TASK :lib_bu_message:compileReleaseJavaWithJavac
U4_TASK :lib_bu_message:bundleLibCompileToJarRelease
U4_TASK :lib_bu_statistics:preBuild
U4_TASK :lib_bu_statistics:preReleaseBuild
U4_TASK :lib_bu_statistics:generateReleaseBuildConfig
U4_TASK :lib_bu_statistics:generateReleaseResValues
U4_TASK :lib_bu_statistics:generateReleaseResources
U4_TASK :lib_bu_statistics:packageReleaseResources
U4_TASK :lib_bu_statistics:parseReleaseLocalResources
U4_TASK :lib_bu_statistics:generateReleaseRFile
U4_TASK :lib_bu_statistics:javaPreCompileRelease
U4_TASK :lib_bu_statistics:compileReleaseJavaWithJavac
U4_TASK :lib_bu_statistics:bundleLibCompileToJarRelease
U4_TASK :lib_core:checkKotlinGradlePluginConfigurationErrors
U4_TASK :lib_core:preBuild
U4_TASK :lib_core:preReleaseBuild
U4_TASK :lib_core:generateReleaseBuildConfig
U4_TASK :lib_core:generateReleaseResValues
U4_TASK :lib_core:generateReleaseResources
U4_TASK :lib_core:packageReleaseResources
U4_TASK :lib_core:parseReleaseLocalResources
U4_TASK :lib_core:generateReleaseRFile
U4_TASK :lib_core:compileReleaseKotlin
U4_TASK :lib_core:javaPreCompileRelease
U4_TASK :lib_core:compileReleaseJavaWithJavac
U4_TASK :lib_core:bundleLibCompileToJarRelease
U4_TASK :lib_module_debug:checkKotlinGradlePluginConfigurationErrors
U4_TASK :lib_module_debug:preBuild
U4_TASK :lib_module_debug:preReleaseBuild
U4_TASK :lib_module_debug:generateReleaseBuildConfig
U4_TASK :lib_module_debug:generateReleaseResValues
U4_TASK :lib_module_debug:generateReleaseResources
U4_TASK :lib_module_debug:packageReleaseResources
U4_TASK :lib_module_debug:parseReleaseLocalResources
U4_TASK :lib_module_debug:generateReleaseRFile
U4_TASK :lib_module_debug:kaptGenerateStubsReleaseKotlin
U4_TASK :lib_module_debug:kaptReleaseKotlin
U4_TASK :lib_module_debug:compileReleaseKotlin
U4_TASK :lib_module_debug:javaPreCompileRelease
U4_TASK :lib_module_debug:compileReleaseJavaWithJavac
U4_TASK :lib_module_debug:bundleLibCompileToJarRelease
U4_TASK :nga_phone_base_3.0:checkKotlinGradlePluginConfigurationErrors
U4_TASK :nga_phone_base_3.0:preBuild
U4_TASK :nga_phone_base_3.0:prePreviewBuild
U4_TASK :nga_phone_base_3.0:generatePreviewBuildConfig
U4_TASK :lib_base_common:compileReleaseLibraryResources
U4_TASK :lib_base_logger:compileReleaseLibraryResources
U4_TASK :lib_base_network:compileReleaseLibraryResources
U4_TASK :lib_base_service_api:compileReleaseLibraryResources
U4_TASK :lib_base_ui:compileReleaseLibraryResources
U4_TASK :lib_base_ui_compose:compileReleaseLibraryResources
U4_TASK :lib_bu_account:compileReleaseLibraryResources
U4_TASK :lib_bu_message:compileReleaseLibraryResources
U4_TASK :lib_bu_statistics:compileReleaseLibraryResources
U4_TASK :lib_core:compileReleaseLibraryResources
U4_TASK :lib_core_data:compileReleaseLibraryResources
U4_TASK :lib_module_debug:compileReleaseLibraryResources
U4_TASK :lib_base_common:writeReleaseAarMetadata
U4_TASK :lib_base_logger:writeReleaseAarMetadata
U4_TASK :lib_base_network:writeReleaseAarMetadata
U4_TASK :lib_base_service_api:writeReleaseAarMetadata
U4_TASK :lib_base_ui:writeReleaseAarMetadata
U4_TASK :lib_base_ui_compose:writeReleaseAarMetadata
U4_TASK :lib_bu_account:writeReleaseAarMetadata
U4_TASK :lib_bu_message:writeReleaseAarMetadata
U4_TASK :lib_bu_statistics:writeReleaseAarMetadata
U4_TASK :lib_core:writeReleaseAarMetadata
U4_TASK :lib_core_data:writeReleaseAarMetadata
U4_TASK :lib_module_debug:writeReleaseAarMetadata
U4_TASK :nga_phone_base_3.0:checkPreviewAarMetadata
U4_TASK :nga_phone_base_3.0:generatePreviewResValues
U4_TASK :nga_phone_base_3.0:mapPreviewSourceSetPaths
U4_TASK :nga_phone_base_3.0:generatePreviewResources
U4_TASK :nga_phone_base_3.0:mergePreviewResources
U4_TASK :nga_phone_base_3.0:packagePreviewResources
U4_TASK :nga_phone_base_3.0:parsePreviewLocalResources
U4_TASK :nga_phone_base_3.0:createPreviewCompatibleScreenManifests
U4_TASK :lib_base_common:extractDeepLinksRelease
U4_TASK :lib_base_common:processReleaseManifest
U4_TASK :lib_base_logger:extractDeepLinksRelease
U4_TASK :lib_base_logger:processReleaseManifest
U4_TASK :lib_base_network:extractDeepLinksRelease
U4_TASK :lib_base_network:processReleaseManifest
U4_TASK :lib_base_service_api:extractDeepLinksRelease
U4_TASK :lib_base_service_api:processReleaseManifest
U4_TASK :lib_base_ui:extractDeepLinksRelease
U4_TASK :lib_base_ui:processReleaseManifest
U4_TASK :lib_base_ui_compose:extractDeepLinksRelease
U4_TASK :lib_base_ui_compose:processReleaseManifest
U4_TASK :lib_bu_account:extractDeepLinksRelease
U4_TASK :lib_bu_account:processReleaseManifest
U4_TASK :lib_bu_message:extractDeepLinksRelease
U4_TASK :lib_bu_message:processReleaseManifest
U4_TASK :lib_bu_statistics:extractDeepLinksRelease
U4_TASK :lib_bu_statistics:processReleaseManifest
U4_TASK :lib_core:extractDeepLinksRelease
U4_TASK :lib_core:processReleaseManifest
U4_TASK :lib_core_data:extractDeepLinksRelease
U4_TASK :lib_core_data:processReleaseManifest
U4_TASK :lib_module_debug:extractDeepLinksRelease
U4_TASK :lib_module_debug:processReleaseManifest
U4_TASK :nga_phone_base_3.0:extractDeepLinksPreview
U4_TASK :nga_phone_base_3.0:processPreviewMainManifest
U4_TASK :nga_phone_base_3.0:processPreviewManifest
U4_TASK :nga_phone_base_3.0:processPreviewManifestForPackage
U4_TASK :nga_phone_base_3.0:processPreviewResources
U4_TASK :nga_phone_base_3.0:kaptGenerateStubsPreviewKotlin
U4_TASK :nga_phone_base_3.0:kaptPreviewKotlin
U4_TASK :nga_phone_base_3.0:compilePreviewKotlin
U4_TASK :nga_phone_base_3.0:javaPreCompilePreview
U4_TASK :nga_phone_base_3.0:compilePreviewJavaWithJavac

FAILURE: Build failed with an exception.

* Where:
Build file '/home/toph/nga-just-works-upstream-adoption/nga_phone_base_3.0/build.gradle' line: 30

* What went wrong:
Release signing requires ANDROID_SIGNING_STORE_FILE, ANDROID_SIGNING_STORE_PASSWORD, ANDROID_SIGNING_KEY_ALIAS, and ANDROID_SIGNING_KEY_PASSWORD

* Try:
> Run with --stacktrace option to get the stack trace.
> Run with --info or --debug option to get more log output.
> Run with --scan to get full insights.
> Get more help at https://help.gradle.org.

BUILD FAILED in 2s
