
> Configure project :lib_base_common
WARNING: The option setting 'android.defaults.buildfeatures.buildconfig=true' is deprecated.
The current default is 'false'.
It will be removed in version 10.0 of the Android Gradle plugin.
To keep using this feature, add the following to your module-level build.gradle files:
    android.buildFeatures.buildConfig = true
or from Android Studio, click: `Refactor` > `Migrate BuildConfig to Gradle Build Files`.

> Configure project :nga_phone_base_3.0
WARNING: DSL element 'isRenderscriptDebuggable' is obsolete and should be removed.
It will be removed in version 9.0 of the Android Gradle plugin.
U4_TASK :lib_base_common:checkKotlinGradlePluginConfigurationErrors
U4_TASK :lib_base_common:preBuild
U4_TASK :lib_base_common:preReleaseBuild
U4_TASK :lib_base_common:generateReleaseBuildConfig
U4_TASK :lib_base_common:generateReleaseResValues
U4_TASK :lib_base_common:generateReleaseResources
U4_TASK :lib_base_common:packageReleaseResources
U4_TASK :lib_base_common:parseReleaseLocalResources
U4_TASK :lib_base_common:generateReleaseRFile
U4_TASK :lib_base_common:compileReleaseKotlin
U4_TASK :lib_base_common:javaPreCompileRelease
U4_TASK :lib_base_common:compileReleaseJavaWithJavac
U4_TASK :lib_base_common:bundleLibCompileToJarRelease
U4_TASK :lib_bu_statistics:preBuild
U4_TASK :lib_bu_statistics:preReleaseBuild
U4_TASK :lib_bu_statistics:generateReleaseBuildConfig
U4_TASK :lib_bu_statistics:generateReleaseResValues
U4_TASK :lib_bu_statistics:generateReleaseResources
U4_TASK :lib_bu_statistics:packageReleaseResources
U4_TASK :lib_bu_statistics:parseReleaseLocalResources
U4_TASK :lib_bu_statistics:generateReleaseRFile
U4_TASK :lib_bu_statistics:javaPreCompileRelease
U4_TASK :lib_bu_statistics:compileReleaseJavaWithJavac
U4_TASK :lib_bu_statistics:mergeReleaseGeneratedProguardFiles
U4_TASK :lib_bu_statistics:exportReleaseConsumerProguardFiles
U4_TASK :lib_base_logger:preBuild
U4_TASK :lib_base_logger:preReleaseBuild
U4_TASK :lib_base_logger:generateReleaseBuildConfig
U4_TASK :lib_base_logger:generateReleaseResValues
U4_TASK :lib_base_logger:generateReleaseResources
U4_TASK :lib_base_logger:packageReleaseResources
U4_TASK :lib_base_logger:parseReleaseLocalResources
U4_TASK :lib_base_logger:generateReleaseRFile
U4_TASK :lib_base_logger:javaPreCompileRelease
U4_TASK :lib_base_logger:compileReleaseJavaWithJavac
U4_TASK :lib_base_logger:bundleLibCompileToJarRelease
U4_TASK :lib_base_network:checkKotlinGradlePluginConfigurationErrors
U4_TASK :lib_base_network:preBuild
U4_TASK :lib_base_network:preReleaseBuild
U4_TASK :lib_base_network:generateReleaseBuildConfig
U4_TASK :lib_base_network:generateReleaseResValues
U4_TASK :lib_base_network:generateReleaseResources
U4_TASK :lib_base_network:packageReleaseResources
U4_TASK :lib_base_network:parseReleaseLocalResources
U4_TASK :lib_base_network:generateReleaseRFile
U4_TASK :lib_base_network:compileReleaseKotlin
U4_TASK :lib_base_network:javaPreCompileRelease
U4_TASK :lib_base_network:compileReleaseJavaWithJavac
U4_TASK :lib_base_network:bundleLibCompileToJarRelease
U4_TASK :lib_base_service_api:checkKotlinGradlePluginConfigurationErrors
U4_TASK :lib_base_service_api:preBuild
U4_TASK :lib_base_service_api:preReleaseBuild
U4_TASK :lib_base_service_api:generateReleaseBuildConfig
U4_TASK :lib_base_service_api:generateReleaseResValues
U4_TASK :lib_base_service_api:generateReleaseResources
U4_TASK :lib_base_service_api:packageReleaseResources
U4_TASK :lib_base_service_api:parseReleaseLocalResources
U4_TASK :lib_base_service_api:generateReleaseRFile
U4_TASK :lib_base_service_api:compileReleaseKotlin
U4_TASK :lib_base_service_api:javaPreCompileRelease
U4_TASK :lib_base_service_api:compileReleaseJavaWithJavac
U4_TASK :lib_base_service_api:bundleLibCompileToJarRelease
U4_TASK :lib_base_ui_compose:checkKotlinGradlePluginConfigurationErrors
U4_TASK :lib_base_ui_compose:preBuild
U4_TASK :lib_base_ui_compose:preReleaseBuild
U4_TASK :lib_base_ui_compose:generateReleaseBuildConfig
U4_TASK :lib_base_ui_compose:generateReleaseResValues
U4_TASK :lib_base_ui_compose:generateReleaseResources
U4_TASK :lib_base_ui_compose:packageReleaseResources
U4_TASK :lib_base_ui_compose:parseReleaseLocalResources
U4_TASK :lib_base_ui_compose:generateReleaseRFile
U4_TASK :lib_base_ui_compose:compileReleaseKotlin
U4_TASK :lib_base_ui_compose:javaPreCompileRelease
U4_TASK :lib_base_ui_compose:compileReleaseJavaWithJavac
U4_TASK :lib_base_ui_compose:bundleLibCompileToJarRelease
U4_TASK :lib_bu_message:checkKotlinGradlePluginConfigurationErrors
U4_TASK :lib_bu_message:preBuild
U4_TASK :lib_bu_message:preReleaseBuild
U4_TASK :lib_bu_message:generateReleaseBuildConfig
U4_TASK :lib_bu_message:generateReleaseResValues
U4_TASK :lib_bu_message:generateReleaseResources
U4_TASK :lib_bu_message:packageReleaseResources
U4_TASK :lib_bu_message:parseReleaseLocalResources
U4_TASK :lib_bu_message:generateReleaseRFile
U4_TASK :lib_core_data:checkKotlinGradlePluginConfigurationErrors
U4_TASK :lib_core_data:preBuild
U4_TASK :lib_core_data:preReleaseBuild
U4_TASK :lib_core_data:generateReleaseBuildConfig
U4_TASK :lib_core_data:generateReleaseResValues
U4_TASK :lib_core_data:generateReleaseResources
U4_TASK :lib_core_data:packageReleaseResources
U4_TASK :lib_core_data:parseReleaseLocalResources
U4_TASK :lib_core_data:generateReleaseRFile
U4_TASK :lib_core_data:compileReleaseKotlin
U4_TASK :lib_core_data:javaPreCompileRelease
U4_TASK :lib_core_data:compileReleaseJavaWithJavac
U4_TASK :lib_core_data:bundleLibCompileToJarRelease
U4_TASK :lib_bu_message:kaptGenerateStubsReleaseKotlin
U4_TASK :lib_bu_message:kaptReleaseKotlin
U4_TASK :lib_bu_message:compileReleaseKotlin
U4_TASK :lib_bu_message:javaPreCompileRelease
U4_TASK :lib_bu_message:compileReleaseJavaWithJavac
U4_TASK :lib_bu_message:mergeReleaseGeneratedProguardFiles
U4_TASK :lib_bu_message:exportReleaseConsumerProguardFiles
U4_TASK :lib_base_network:mergeReleaseGeneratedProguardFiles
U4_TASK :lib_base_network:exportReleaseConsumerProguardFiles
U4_TASK :lib_module_debug:checkKotlinGradlePluginConfigurationErrors
U4_TASK :lib_module_debug:preBuild
U4_TASK :lib_module_debug:preReleaseBuild
U4_TASK :lib_module_debug:generateReleaseBuildConfig
U4_TASK :lib_module_debug:generateReleaseResValues
U4_TASK :lib_module_debug:generateReleaseResources
U4_TASK :lib_module_debug:packageReleaseResources
U4_TASK :lib_module_debug:parseReleaseLocalResources
U4_TASK :lib_module_debug:generateReleaseRFile
U4_TASK :lib_module_debug:kaptGenerateStubsReleaseKotlin
U4_TASK :lib_module_debug:kaptReleaseKotlin
U4_TASK :lib_module_debug:compileReleaseKotlin
U4_TASK :lib_module_debug:javaPreCompileRelease
U4_TASK :lib_module_debug:compileReleaseJavaWithJavac
U4_TASK :lib_module_debug:mergeReleaseGeneratedProguardFiles
U4_TASK :lib_module_debug:exportReleaseConsumerProguardFiles
U4_TASK :lib_base_logger:mergeReleaseGeneratedProguardFiles
U4_TASK :lib_base_logger:exportReleaseConsumerProguardFiles
U4_TASK :lib_core:checkKotlinGradlePluginConfigurationErrors
U4_TASK :lib_core:preBuild
U4_TASK :lib_core:preReleaseBuild
U4_TASK :lib_core:generateReleaseBuildConfig
U4_TASK :lib_core:generateReleaseResValues
U4_TASK :lib_core:generateReleaseResources
U4_TASK :lib_core:packageReleaseResources
U4_TASK :lib_core:parseReleaseLocalResources
U4_TASK :lib_core:generateReleaseRFile
U4_TASK :lib_core:compileReleaseKotlin
U4_TASK :lib_core:javaPreCompileRelease
U4_TASK :lib_core:compileReleaseJavaWithJavac
U4_TASK :lib_core:mergeReleaseGeneratedProguardFiles
U4_TASK :lib_core:exportReleaseConsumerProguardFiles
U4_TASK :lib_core_data:mergeReleaseGeneratedProguardFiles
U4_TASK :lib_core_data:exportReleaseConsumerProguardFiles
U4_TASK :lib_bu_account:checkKotlinGradlePluginConfigurationErrors
U4_TASK :lib_bu_account:preBuild
U4_TASK :lib_bu_account:preReleaseBuild
U4_TASK :lib_bu_account:generateReleaseBuildConfig
U4_TASK :lib_bu_account:generateReleaseResValues
U4_TASK :lib_bu_account:generateReleaseResources
U4_TASK :lib_bu_account:packageReleaseResources
U4_TASK :lib_bu_account:parseReleaseLocalResources
U4_TASK :lib_bu_account:generateReleaseRFile
U4_TASK :lib_bu_account:kaptGenerateStubsReleaseKotlin
U4_TASK :lib_bu_account:kaptReleaseKotlin
U4_TASK :lib_bu_account:compileReleaseKotlin
U4_TASK :lib_bu_account:javaPreCompileRelease
U4_TASK :lib_bu_account:compileReleaseJavaWithJavac
U4_TASK :lib_bu_account:mergeReleaseGeneratedProguardFiles
U4_TASK :lib_bu_account:exportReleaseConsumerProguardFiles
U4_TASK :lib_base_ui_compose:mergeReleaseGeneratedProguardFiles
U4_TASK :lib_base_ui_compose:exportReleaseConsumerProguardFiles
U4_TASK :lib_base_common:mergeReleaseGeneratedProguardFiles
U4_TASK :lib_base_common:exportReleaseConsumerProguardFiles
U4_TASK :lib_base_ui:checkKotlinGradlePluginConfigurationErrors
U4_TASK :lib_base_ui:preBuild
U4_TASK :lib_base_ui:preReleaseBuild
U4_TASK :lib_base_ui:generateReleaseBuildConfig
U4_TASK :lib_base_ui:generateReleaseResValues
U4_TASK :lib_base_ui:generateReleaseResources
U4_TASK :lib_base_ui:packageReleaseResources
U4_TASK :lib_base_ui:parseReleaseLocalResources
U4_TASK :lib_base_ui:generateReleaseRFile
U4_TASK :lib_base_ui:kaptGenerateStubsReleaseKotlin
U4_TASK :lib_base_ui:kaptReleaseKotlin
U4_TASK :lib_base_ui:compileReleaseKotlin
U4_TASK :lib_base_ui:javaPreCompileRelease
U4_TASK :lib_base_ui:compileReleaseJavaWithJavac
U4_TASK :lib_base_ui:mergeReleaseGeneratedProguardFiles
U4_TASK :lib_base_ui:exportReleaseConsumerProguardFiles
U4_TASK :lib_base_service_api:mergeReleaseGeneratedProguardFiles
U4_TASK :lib_base_service_api:exportReleaseConsumerProguardFiles
U4_TASK :lib_base_common:bundleLibRuntimeToJarRelease
U4_TASK :lib_base_logger:bundleLibRuntimeToJarRelease
U4_TASK :lib_base_network:bundleLibRuntimeToJarRelease
U4_TASK :lib_base_service_api:bundleLibRuntimeToJarRelease
U4_TASK :lib_base_ui:bundleLibCompileToJarRelease
U4_TASK :lib_base_ui:bundleLibRuntimeToJarRelease
U4_TASK :lib_base_ui_compose:bundleLibRuntimeToJarRelease
U4_TASK :lib_bu_account:bundleLibCompileToJarRelease
U4_TASK :lib_bu_account:bundleLibRuntimeToJarRelease
U4_TASK :lib_bu_message:bundleLibCompileToJarRelease
U4_TASK :lib_bu_message:bundleLibRuntimeToJarRelease
U4_TASK :lib_bu_statistics:bundleLibCompileToJarRelease
U4_TASK :lib_bu_statistics:bundleLibRuntimeToJarRelease
U4_TASK :lib_core:bundleLibCompileToJarRelease
U4_TASK :lib_core:bundleLibRuntimeToJarRelease
U4_TASK :lib_core_data:bundleLibRuntimeToJarRelease
U4_TASK :lib_module_debug:bundleLibCompileToJarRelease
U4_TASK :lib_module_debug:bundleLibRuntimeToJarRelease
U4_TASK :nga_phone_base_3.0:buildKotlinToolingMetadata
U4_TASK :nga_phone_base_3.0:preBuild
U4_TASK :nga_phone_base_3.0:preReleaseBuild
U4_TASK :nga_phone_base_3.0:checkReleaseDuplicateClasses
U4_TASK :nga_phone_base_3.0:checkKotlinGradlePluginConfigurationErrors
U4_TASK :nga_phone_base_3.0:generateReleaseBuildConfig
U4_TASK :lib_base_common:compileReleaseLibraryResources
U4_TASK :lib_base_logger:compileReleaseLibraryResources
U4_TASK :lib_base_network:compileReleaseLibraryResources
U4_TASK :lib_base_service_api:compileReleaseLibraryResources
U4_TASK :lib_base_ui:compileReleaseLibraryResources
U4_TASK :lib_base_ui_compose:compileReleaseLibraryResources
U4_TASK :lib_bu_account:compileReleaseLibraryResources
U4_TASK :lib_bu_message:compileReleaseLibraryResources
U4_TASK :lib_bu_statistics:compileReleaseLibraryResources
U4_TASK :lib_core:compileReleaseLibraryResources
U4_TASK :lib_core_data:compileReleaseLibraryResources
U4_TASK :lib_module_debug:compileReleaseLibraryResources
U4_TASK :lib_base_common:writeReleaseAarMetadata
U4_TASK :lib_base_logger:writeReleaseAarMetadata
U4_TASK :lib_base_network:writeReleaseAarMetadata
U4_TASK :lib_base_service_api:writeReleaseAarMetadata
U4_TASK :lib_base_ui:writeReleaseAarMetadata
U4_TASK :lib_base_ui_compose:writeReleaseAarMetadata
U4_TASK :lib_bu_account:writeReleaseAarMetadata
U4_TASK :lib_bu_message:writeReleaseAarMetadata
U4_TASK :lib_bu_statistics:writeReleaseAarMetadata
U4_TASK :lib_core:writeReleaseAarMetadata
U4_TASK :lib_core_data:writeReleaseAarMetadata
U4_TASK :lib_module_debug:writeReleaseAarMetadata
U4_TASK :nga_phone_base_3.0:checkReleaseAarMetadata
U4_TASK :nga_phone_base_3.0:generateReleaseResValues
U4_TASK :nga_phone_base_3.0:mapReleaseSourceSetPaths
U4_TASK :nga_phone_base_3.0:generateReleaseResources
U4_TASK :nga_phone_base_3.0:mergeReleaseResources
U4_TASK :nga_phone_base_3.0:packageReleaseResources
U4_TASK :nga_phone_base_3.0:parseReleaseLocalResources
U4_TASK :nga_phone_base_3.0:createReleaseCompatibleScreenManifests
U4_TASK :lib_base_common:extractDeepLinksRelease
U4_TASK :lib_base_common:processReleaseManifest
U4_TASK :lib_base_logger:extractDeepLinksRelease
U4_TASK :lib_base_logger:processReleaseManifest
U4_TASK :lib_base_network:extractDeepLinksRelease
U4_TASK :lib_base_network:processReleaseManifest
U4_TASK :lib_base_service_api:extractDeepLinksRelease
U4_TASK :lib_base_service_api:processReleaseManifest
U4_TASK :lib_base_ui:extractDeepLinksRelease
U4_TASK :lib_base_ui:processReleaseManifest
U4_TASK :lib_base_ui_compose:extractDeepLinksRelease
U4_TASK :lib_base_ui_compose:processReleaseManifest
U4_TASK :lib_bu_account:extractDeepLinksRelease
U4_TASK :lib_bu_account:processReleaseManifest
U4_TASK :lib_bu_message:extractDeepLinksRelease
U4_TASK :lib_bu_message:processReleaseManifest
U4_TASK :lib_bu_statistics:extractDeepLinksRelease
U4_TASK :lib_bu_statistics:processReleaseManifest
U4_TASK :lib_core:extractDeepLinksRelease
U4_TASK :lib_core:processReleaseManifest
U4_TASK :lib_core_data:extractDeepLinksRelease
U4_TASK :lib_core_data:processReleaseManifest
U4_TASK :lib_module_debug:extractDeepLinksRelease
U4_TASK :lib_module_debug:processReleaseManifest
U4_TASK :nga_phone_base_3.0:extractDeepLinksRelease
U4_TASK :nga_phone_base_3.0:processReleaseMainManifest
U4_TASK :nga_phone_base_3.0:processReleaseManifest
U4_TASK :nga_phone_base_3.0:processReleaseManifestForPackage
U4_TASK :nga_phone_base_3.0:processReleaseResources
U4_TASK :nga_phone_base_3.0:kaptGenerateStubsReleaseKotlin
U4_TASK :nga_phone_base_3.0:kaptReleaseKotlin
U4_TASK :nga_phone_base_3.0:compileReleaseKotlin
U4_TASK :nga_phone_base_3.0:javaPreCompileRelease
U4_TASK :nga_phone_base_3.0:compileReleaseJavaWithJavac
U4_TASK :lib_base_common:prepareReleaseArtProfile
U4_TASK :lib_base_logger:prepareReleaseArtProfile
U4_TASK :lib_base_network:prepareReleaseArtProfile
U4_TASK :lib_base_service_api:prepareReleaseArtProfile
U4_TASK :lib_base_ui:prepareReleaseArtProfile
U4_TASK :lib_base_ui_compose:prepareReleaseArtProfile
U4_TASK :lib_bu_account:prepareReleaseArtProfile
U4_TASK :lib_bu_message:prepareReleaseArtProfile
U4_TASK :lib_bu_statistics:prepareReleaseArtProfile
U4_TASK :lib_core:prepareReleaseArtProfile
U4_TASK :lib_core_data:prepareReleaseArtProfile
U4_TASK :lib_module_debug:prepareReleaseArtProfile
U4_TASK :nga_phone_base_3.0:mergeReleaseArtProfile
U4_TASK :nga_phone_base_3.0:expandReleaseArtProfileWildcards
U4_TASK :nga_phone_base_3.0:extractProguardFiles
U4_TASK :nga_phone_base_3.0:mergeReleaseGeneratedProguardFiles
U4_TASK :lib_base_common:processReleaseJavaRes
U4_TASK :lib_base_logger:processReleaseJavaRes
U4_TASK :lib_base_network:processReleaseJavaRes
U4_TASK :lib_base_service_api:processReleaseJavaRes
U4_TASK :lib_base_ui:processReleaseJavaRes
U4_TASK :lib_base_ui_compose:processReleaseJavaRes
U4_TASK :lib_bu_account:processReleaseJavaRes
U4_TASK :lib_bu_message:processReleaseJavaRes
U4_TASK :lib_bu_statistics:processReleaseJavaRes
U4_TASK :lib_core:processReleaseJavaRes
U4_TASK :lib_core_data:processReleaseJavaRes
U4_TASK :lib_module_debug:processReleaseJavaRes
U4_TASK :nga_phone_base_3.0:processReleaseJavaRes
U4_TASK :nga_phone_base_3.0:mergeReleaseJavaResource
U4_TASK :nga_phone_base_3.0:mergeReleaseStartupProfile
U4_TASK :nga_phone_base_3.0:minifyReleaseWithR8
:lib_base_common:checkKotlinGradlePluginConfigurationErrors SKIPPED
:lib_base_common:preBuild SKIPPED
:lib_base_common:preReleaseBuild SKIPPED
:lib_base_common:generateReleaseBuildConfig SKIPPED
:lib_base_common:generateReleaseResValues SKIPPED
:lib_base_common:generateReleaseResources SKIPPED
:lib_base_common:packageReleaseResources SKIPPED
:lib_base_common:parseReleaseLocalResources SKIPPED
:lib_base_common:generateReleaseRFile SKIPPED
:lib_base_common:compileReleaseKotlin SKIPPED
:lib_base_common:javaPreCompileRelease SKIPPED
:lib_base_common:compileReleaseJavaWithJavac SKIPPED
:lib_base_common:bundleLibCompileToJarRelease SKIPPED
:lib_bu_statistics:preBuild SKIPPED
:lib_bu_statistics:preReleaseBuild SKIPPED
:lib_bu_statistics:generateReleaseBuildConfig SKIPPED
:lib_bu_statistics:generateReleaseResValues SKIPPED
:lib_bu_statistics:generateReleaseResources SKIPPED
:lib_bu_statistics:packageReleaseResources SKIPPED
:lib_bu_statistics:parseReleaseLocalResources SKIPPED
:lib_bu_statistics:generateReleaseRFile SKIPPED
:lib_bu_statistics:javaPreCompileRelease SKIPPED
:lib_bu_statistics:compileReleaseJavaWithJavac SKIPPED
:lib_bu_statistics:mergeReleaseGeneratedProguardFiles SKIPPED
:lib_bu_statistics:exportReleaseConsumerProguardFiles SKIPPED
:lib_base_logger:preBuild SKIPPED
:lib_base_logger:preReleaseBuild SKIPPED
:lib_base_logger:generateReleaseBuildConfig SKIPPED
:lib_base_logger:generateReleaseResValues SKIPPED
:lib_base_logger:generateReleaseResources SKIPPED
:lib_base_logger:packageReleaseResources SKIPPED
:lib_base_logger:parseReleaseLocalResources SKIPPED
:lib_base_logger:generateReleaseRFile SKIPPED
:lib_base_logger:javaPreCompileRelease SKIPPED
:lib_base_logger:compileReleaseJavaWithJavac SKIPPED
:lib_base_logger:bundleLibCompileToJarRelease SKIPPED
:lib_base_network:checkKotlinGradlePluginConfigurationErrors SKIPPED
:lib_base_network:preBuild SKIPPED
:lib_base_network:preReleaseBuild SKIPPED
:lib_base_network:generateReleaseBuildConfig SKIPPED
:lib_base_network:generateReleaseResValues SKIPPED
:lib_base_network:generateReleaseResources SKIPPED
:lib_base_network:packageReleaseResources SKIPPED
:lib_base_network:parseReleaseLocalResources SKIPPED
:lib_base_network:generateReleaseRFile SKIPPED
:lib_base_network:compileReleaseKotlin SKIPPED
:lib_base_network:javaPreCompileRelease SKIPPED
:lib_base_network:compileReleaseJavaWithJavac SKIPPED
:lib_base_network:bundleLibCompileToJarRelease SKIPPED
:lib_base_service_api:checkKotlinGradlePluginConfigurationErrors SKIPPED
:lib_base_service_api:preBuild SKIPPED
:lib_base_service_api:preReleaseBuild SKIPPED
:lib_base_service_api:generateReleaseBuildConfig SKIPPED
:lib_base_service_api:generateReleaseResValues SKIPPED
:lib_base_service_api:generateReleaseResources SKIPPED
:lib_base_service_api:packageReleaseResources SKIPPED
:lib_base_service_api:parseReleaseLocalResources SKIPPED
:lib_base_service_api:generateReleaseRFile SKIPPED
:lib_base_service_api:compileReleaseKotlin SKIPPED
:lib_base_service_api:javaPreCompileRelease SKIPPED
:lib_base_service_api:compileReleaseJavaWithJavac SKIPPED
:lib_base_service_api:bundleLibCompileToJarRelease SKIPPED
:lib_base_ui_compose:checkKotlinGradlePluginConfigurationErrors SKIPPED
:lib_base_ui_compose:preBuild SKIPPED
:lib_base_ui_compose:preReleaseBuild SKIPPED
:lib_base_ui_compose:generateReleaseBuildConfig SKIPPED
:lib_base_ui_compose:generateReleaseResValues SKIPPED
:lib_base_ui_compose:generateReleaseResources SKIPPED
:lib_base_ui_compose:packageReleaseResources SKIPPED
:lib_base_ui_compose:parseReleaseLocalResources SKIPPED
:lib_base_ui_compose:generateReleaseRFile SKIPPED
:lib_base_ui_compose:compileReleaseKotlin SKIPPED
:lib_base_ui_compose:javaPreCompileRelease SKIPPED
:lib_base_ui_compose:compileReleaseJavaWithJavac SKIPPED
:lib_base_ui_compose:bundleLibCompileToJarRelease SKIPPED
:lib_bu_message:checkKotlinGradlePluginConfigurationErrors SKIPPED
:lib_bu_message:preBuild SKIPPED
:lib_bu_message:preReleaseBuild SKIPPED
:lib_bu_message:generateReleaseBuildConfig SKIPPED
:lib_bu_message:generateReleaseResValues SKIPPED
:lib_bu_message:generateReleaseResources SKIPPED
:lib_bu_message:packageReleaseResources SKIPPED
:lib_bu_message:parseReleaseLocalResources SKIPPED
:lib_bu_message:generateReleaseRFile SKIPPED
:lib_core_data:checkKotlinGradlePluginConfigurationErrors SKIPPED
:lib_core_data:preBuild SKIPPED
:lib_core_data:preReleaseBuild SKIPPED
:lib_core_data:generateReleaseBuildConfig SKIPPED
:lib_core_data:generateReleaseResValues SKIPPED
:lib_core_data:generateReleaseResources SKIPPED
:lib_core_data:packageReleaseResources SKIPPED
:lib_core_data:parseReleaseLocalResources SKIPPED
:lib_core_data:generateReleaseRFile SKIPPED
:lib_core_data:compileReleaseKotlin SKIPPED
:lib_core_data:javaPreCompileRelease SKIPPED
:lib_core_data:compileReleaseJavaWithJavac SKIPPED
:lib_core_data:bundleLibCompileToJarRelease SKIPPED
:lib_bu_message:kaptGenerateStubsReleaseKotlin SKIPPED
:lib_bu_message:kaptReleaseKotlin SKIPPED
:lib_bu_message:compileReleaseKotlin SKIPPED
:lib_bu_message:javaPreCompileRelease SKIPPED
:lib_bu_message:compileReleaseJavaWithJavac SKIPPED
:lib_bu_message:mergeReleaseGeneratedProguardFiles SKIPPED
:lib_bu_message:exportReleaseConsumerProguardFiles SKIPPED
:lib_base_network:mergeReleaseGeneratedProguardFiles SKIPPED
:lib_base_network:exportReleaseConsumerProguardFiles SKIPPED
:lib_module_debug:checkKotlinGradlePluginConfigurationErrors SKIPPED
:lib_module_debug:preBuild SKIPPED
:lib_module_debug:preReleaseBuild SKIPPED
:lib_module_debug:generateReleaseBuildConfig SKIPPED
:lib_module_debug:generateReleaseResValues SKIPPED
:lib_module_debug:generateReleaseResources SKIPPED
:lib_module_debug:packageReleaseResources SKIPPED
:lib_module_debug:parseReleaseLocalResources SKIPPED
:lib_module_debug:generateReleaseRFile SKIPPED
:lib_module_debug:kaptGenerateStubsReleaseKotlin SKIPPED
:lib_module_debug:kaptReleaseKotlin SKIPPED
:lib_module_debug:compileReleaseKotlin SKIPPED
:lib_module_debug:javaPreCompileRelease SKIPPED
:lib_module_debug:compileReleaseJavaWithJavac SKIPPED
:lib_module_debug:mergeReleaseGeneratedProguardFiles SKIPPED
:lib_module_debug:exportReleaseConsumerProguardFiles SKIPPED
:lib_base_logger:mergeReleaseGeneratedProguardFiles SKIPPED
:lib_base_logger:exportReleaseConsumerProguardFiles SKIPPED
:lib_core:checkKotlinGradlePluginConfigurationErrors SKIPPED
:lib_core:preBuild SKIPPED
:lib_core:preReleaseBuild SKIPPED
:lib_core:generateReleaseBuildConfig SKIPPED
:lib_core:generateReleaseResValues SKIPPED
:lib_core:generateReleaseResources SKIPPED
:lib_core:packageReleaseResources SKIPPED
:lib_core:parseReleaseLocalResources SKIPPED
:lib_core:generateReleaseRFile SKIPPED
:lib_core:compileReleaseKotlin SKIPPED
:lib_core:javaPreCompileRelease SKIPPED
:lib_core:compileReleaseJavaWithJavac SKIPPED
:lib_core:mergeReleaseGeneratedProguardFiles SKIPPED
:lib_core:exportReleaseConsumerProguardFiles SKIPPED
:lib_core_data:mergeReleaseGeneratedProguardFiles SKIPPED
:lib_core_data:exportReleaseConsumerProguardFiles SKIPPED
:lib_bu_account:checkKotlinGradlePluginConfigurationErrors SKIPPED
:lib_bu_account:preBuild SKIPPED
:lib_bu_account:preReleaseBuild SKIPPED
:lib_bu_account:generateReleaseBuildConfig SKIPPED
:lib_bu_account:generateReleaseResValues SKIPPED
:lib_bu_account:generateReleaseResources SKIPPED
:lib_bu_account:packageReleaseResources SKIPPED
:lib_bu_account:parseReleaseLocalResources SKIPPED
:lib_bu_account:generateReleaseRFile SKIPPED
:lib_bu_account:kaptGenerateStubsReleaseKotlin SKIPPED
:lib_bu_account:kaptReleaseKotlin SKIPPED
:lib_bu_account:compileReleaseKotlin SKIPPED
:lib_bu_account:javaPreCompileRelease SKIPPED
:lib_bu_account:compileReleaseJavaWithJavac SKIPPED
:lib_bu_account:mergeReleaseGeneratedProguardFiles SKIPPED
:lib_bu_account:exportReleaseConsumerProguardFiles SKIPPED
:lib_base_ui_compose:mergeReleaseGeneratedProguardFiles SKIPPED
:lib_base_ui_compose:exportReleaseConsumerProguardFiles SKIPPED
:lib_base_common:mergeReleaseGeneratedProguardFiles SKIPPED
:lib_base_common:exportReleaseConsumerProguardFiles SKIPPED
:lib_base_ui:checkKotlinGradlePluginConfigurationErrors SKIPPED
:lib_base_ui:preBuild SKIPPED
:lib_base_ui:preReleaseBuild SKIPPED
:lib_base_ui:generateReleaseBuildConfig SKIPPED
:lib_base_ui:generateReleaseResValues SKIPPED
:lib_base_ui:generateReleaseResources SKIPPED
:lib_base_ui:packageReleaseResources SKIPPED
:lib_base_ui:parseReleaseLocalResources SKIPPED
:lib_base_ui:generateReleaseRFile SKIPPED
:lib_base_ui:kaptGenerateStubsReleaseKotlin SKIPPED
:lib_base_ui:kaptReleaseKotlin SKIPPED
:lib_base_ui:compileReleaseKotlin SKIPPED
:lib_base_ui:javaPreCompileRelease SKIPPED
:lib_base_ui:compileReleaseJavaWithJavac SKIPPED
:lib_base_ui:mergeReleaseGeneratedProguardFiles SKIPPED
:lib_base_ui:exportReleaseConsumerProguardFiles SKIPPED
:lib_base_service_api:mergeReleaseGeneratedProguardFiles SKIPPED
:lib_base_service_api:exportReleaseConsumerProguardFiles SKIPPED
:lib_base_common:bundleLibRuntimeToJarRelease SKIPPED
:lib_base_logger:bundleLibRuntimeToJarRelease SKIPPED
:lib_base_network:bundleLibRuntimeToJarRelease SKIPPED
:lib_base_service_api:bundleLibRuntimeToJarRelease SKIPPED
:lib_base_ui:bundleLibCompileToJarRelease SKIPPED
:lib_base_ui:bundleLibRuntimeToJarRelease SKIPPED
:lib_base_ui_compose:bundleLibRuntimeToJarRelease SKIPPED
:lib_bu_account:bundleLibCompileToJarRelease SKIPPED
:lib_bu_account:bundleLibRuntimeToJarRelease SKIPPED
:lib_bu_message:bundleLibCompileToJarRelease SKIPPED
:lib_bu_message:bundleLibRuntimeToJarRelease SKIPPED
:lib_bu_statistics:bundleLibCompileToJarRelease SKIPPED
:lib_bu_statistics:bundleLibRuntimeToJarRelease SKIPPED
:lib_core:bundleLibCompileToJarRelease SKIPPED
:lib_core:bundleLibRuntimeToJarRelease SKIPPED
:lib_core_data:bundleLibRuntimeToJarRelease SKIPPED
:lib_module_debug:bundleLibCompileToJarRelease SKIPPED
:lib_module_debug:bundleLibRuntimeToJarRelease SKIPPED
:nga_phone_base_3.0:buildKotlinToolingMetadata SKIPPED
:nga_phone_base_3.0:preBuild SKIPPED
:nga_phone_base_3.0:preReleaseBuild SKIPPED
:nga_phone_base_3.0:checkReleaseDuplicateClasses SKIPPED
:nga_phone_base_3.0:checkKotlinGradlePluginConfigurationErrors SKIPPED
:nga_phone_base_3.0:generateReleaseBuildConfig SKIPPED
:lib_base_common:compileReleaseLibraryResources SKIPPED
:lib_base_logger:compileReleaseLibraryResources SKIPPED
:lib_base_network:compileReleaseLibraryResources SKIPPED
:lib_base_service_api:compileReleaseLibraryResources SKIPPED
:lib_base_ui:compileReleaseLibraryResources SKIPPED
:lib_base_ui_compose:compileReleaseLibraryResources SKIPPED
:lib_bu_account:compileReleaseLibraryResources SKIPPED
:lib_bu_message:compileReleaseLibraryResources SKIPPED
:lib_bu_statistics:compileReleaseLibraryResources SKIPPED
:lib_core:compileReleaseLibraryResources SKIPPED
:lib_core_data:compileReleaseLibraryResources SKIPPED
:lib_module_debug:compileReleaseLibraryResources SKIPPED
:lib_base_common:writeReleaseAarMetadata SKIPPED
:lib_base_logger:writeReleaseAarMetadata SKIPPED
:lib_base_network:writeReleaseAarMetadata SKIPPED
:lib_base_service_api:writeReleaseAarMetadata SKIPPED
:lib_base_ui:writeReleaseAarMetadata SKIPPED
:lib_base_ui_compose:writeReleaseAarMetadata SKIPPED
:lib_bu_account:writeReleaseAarMetadata SKIPPED
:lib_bu_message:writeReleaseAarMetadata SKIPPED
:lib_bu_statistics:writeReleaseAarMetadata SKIPPED
:lib_core:writeReleaseAarMetadata SKIPPED
:lib_core_data:writeReleaseAarMetadata SKIPPED
:lib_module_debug:writeReleaseAarMetadata SKIPPED
:nga_phone_base_3.0:checkReleaseAarMetadata SKIPPED
:nga_phone_base_3.0:generateReleaseResValues SKIPPED
:nga_phone_base_3.0:mapReleaseSourceSetPaths SKIPPED
:nga_phone_base_3.0:generateReleaseResources SKIPPED
:nga_phone_base_3.0:mergeReleaseResources SKIPPED
:nga_phone_base_3.0:packageReleaseResources SKIPPED
:nga_phone_base_3.0:parseReleaseLocalResources SKIPPED
:nga_phone_base_3.0:createReleaseCompatibleScreenManifests SKIPPED
:lib_base_common:extractDeepLinksRelease SKIPPED
:lib_base_common:processReleaseManifest SKIPPED
:lib_base_logger:extractDeepLinksRelease SKIPPED
:lib_base_logger:processReleaseManifest SKIPPED
:lib_base_network:extractDeepLinksRelease SKIPPED
:lib_base_network:processReleaseManifest SKIPPED
:lib_base_service_api:extractDeepLinksRelease SKIPPED
:lib_base_service_api:processReleaseManifest SKIPPED
:lib_base_ui:extractDeepLinksRelease SKIPPED
:lib_base_ui:processReleaseManifest SKIPPED
:lib_base_ui_compose:extractDeepLinksRelease SKIPPED
:lib_base_ui_compose:processReleaseManifest SKIPPED
:lib_bu_account:extractDeepLinksRelease SKIPPED
:lib_bu_account:processReleaseManifest SKIPPED
:lib_bu_message:extractDeepLinksRelease SKIPPED
:lib_bu_message:processReleaseManifest SKIPPED
:lib_bu_statistics:extractDeepLinksRelease SKIPPED
:lib_bu_statistics:processReleaseManifest SKIPPED
:lib_core:extractDeepLinksRelease SKIPPED
:lib_core:processReleaseManifest SKIPPED
:lib_core_data:extractDeepLinksRelease SKIPPED
:lib_core_data:processReleaseManifest SKIPPED
:lib_module_debug:extractDeepLinksRelease SKIPPED
:lib_module_debug:processReleaseManifest SKIPPED
:nga_phone_base_3.0:extractDeepLinksRelease SKIPPED
:nga_phone_base_3.0:processReleaseMainManifest SKIPPED
:nga_phone_base_3.0:processReleaseManifest SKIPPED
:nga_phone_base_3.0:processReleaseManifestForPackage SKIPPED
:nga_phone_base_3.0:processReleaseResources SKIPPED
:nga_phone_base_3.0:kaptGenerateStubsReleaseKotlin SKIPPED
:nga_phone_base_3.0:kaptReleaseKotlin SKIPPED
:nga_phone_base_3.0:compileReleaseKotlin SKIPPED
:nga_phone_base_3.0:javaPreCompileRelease SKIPPED
:nga_phone_base_3.0:compileReleaseJavaWithJavac SKIPPED
:lib_base_common:prepareReleaseArtProfile SKIPPED
:lib_base_logger:prepareReleaseArtProfile SKIPPED
:lib_base_network:prepareReleaseArtProfile SKIPPED
:lib_base_service_api:prepareReleaseArtProfile SKIPPED
:lib_base_ui:prepareReleaseArtProfile SKIPPED
:lib_base_ui_compose:prepareReleaseArtProfile SKIPPED
:lib_bu_account:prepareReleaseArtProfile SKIPPED
:lib_bu_message:prepareReleaseArtProfile SKIPPED
:lib_bu_statistics:prepareReleaseArtProfile SKIPPED
:lib_core:prepareReleaseArtProfile SKIPPED
:lib_core_data:prepareReleaseArtProfile SKIPPED
:lib_module_debug:prepareReleaseArtProfile SKIPPED
:nga_phone_base_3.0:mergeReleaseArtProfile SKIPPED
:nga_phone_base_3.0:expandReleaseArtProfileWildcards SKIPPED
:nga_phone_base_3.0:extractProguardFiles SKIPPED
:nga_phone_base_3.0:mergeReleaseGeneratedProguardFiles SKIPPED
:lib_base_common:processReleaseJavaRes SKIPPED
:lib_base_logger:processReleaseJavaRes SKIPPED
:lib_base_network:processReleaseJavaRes SKIPPED
:lib_base_service_api:processReleaseJavaRes SKIPPED
:lib_base_ui:processReleaseJavaRes SKIPPED
:lib_base_ui_compose:processReleaseJavaRes SKIPPED
:lib_bu_account:processReleaseJavaRes SKIPPED
:lib_bu_message:processReleaseJavaRes SKIPPED
:lib_bu_statistics:processReleaseJavaRes SKIPPED
:lib_core:processReleaseJavaRes SKIPPED
:lib_core_data:processReleaseJavaRes SKIPPED
:lib_module_debug:processReleaseJavaRes SKIPPED
:nga_phone_base_3.0:processReleaseJavaRes SKIPPED
:nga_phone_base_3.0:mergeReleaseJavaResource SKIPPED
:nga_phone_base_3.0:mergeReleaseStartupProfile SKIPPED
:nga_phone_base_3.0:minifyReleaseWithR8 SKIPPED

BUILD SUCCESSFUL in 1s
